Component: ARM Compiler 5.05 (build 41) Tool: armlink [4d0eb9]

==============================================================================

Section Cross References

    main.o(i.DMA2_Channel4_5_IRQHandler) refers to stm32f10x_dma.o(i.DMA_GetITStatus) for DMA_GetITStatus
    main.o(i.DMA2_Channel4_5_IRQHandler) refers to stm32f10x_dma.o(i.DMA_Cmd) for DMA_Cmd
    main.o(i.DMA2_Channel4_5_IRQHandler) refers to stm32f10x_dma.o(i.DMA_ClearFlag) for DMA_ClearFlag
    main.o(i.DMA2_Channel4_5_IRQHandler) refers to main.o(.data) for .data
    main.o(i.DMA2_Channel4_5_IRQHandler) refers to main.o(.bss) for .bss
    main.o(i.GPIO_Configuration) refers to stm32f10x_gpio.o(i.GPIO_Init) for GPIO_Init
    main.o(i.GPIO_Configuration) refers to stm32f10x_gpio.o(i.GPIO_SetBits) for GPIO_SetBits
    main.o(i.Iwdg_Init) refers to stm32f10x_rcc.o(i.RCC_GetFlagStatus) for RCC_GetFlagStatus
    main.o(i.Iwdg_Init) refers to log.o(i.syslog) for syslog
    main.o(i.Iwdg_Init) refers to stm32f10x_rcc.o(i.RCC_ClearFlag) for RCC_ClearFlag
    main.o(i.Iwdg_Init) refers to stm32f10x_iwdg.o(i.IWDG_WriteAccessCmd) for IWDG_WriteAccessCmd
    main.o(i.Iwdg_Init) refers to stm32f10x_iwdg.o(i.IWDG_SetPrescaler) for IWDG_SetPrescaler
    main.o(i.Iwdg_Init) refers to stm32f10x_iwdg.o(i.IWDG_SetReload) for IWDG_SetReload
    main.o(i.Iwdg_Init) refers to stm32f10x_iwdg.o(i.IWDG_ReloadCounter) for IWDG_ReloadCounter
    main.o(i.Iwdg_Init) refers to stm32f10x_iwdg.o(i.IWDG_Enable) for IWDG_Enable
    main.o(i.RCC_Configuration) refers to stm32f10x_rcc.o(i.RCC_AHBPeriphClockCmd) for RCC_AHBPeriphClockCmd
    main.o(i.RCC_Configuration) refers to stm32f10x_rcc.o(i.RCC_APB2PeriphClockCmd) for RCC_APB2PeriphClockCmd
    main.o(i.RCC_Configuration) refers to stm32f10x_rcc.o(i.RCC_APB1PeriphClockCmd) for RCC_APB1PeriphClockCmd
    main.o(i.fputc) refers to stm32f10x_usart.o(i.USART_SendData) for USART_SendData
    main.o(i.fputc) refers to stm32f10x_usart.o(i.USART_GetFlagStatus) for USART_GetFlagStatus
    main.o(i.main) refers to main.o(i.RCC_Configuration) for RCC_Configuration
    main.o(i.main) refers to uartdrv.o(i.InitUart) for InitUart
    main.o(i.main) refers to main.o(i.Iwdg_Init) for Iwdg_Init
    main.o(i.main) refers to arr_fifo.o(i.fifo_init) for fifo_init
    main.o(i.main) refers to main.o(i.GPIO_Configuration) for GPIO_Configuration
    main.o(i.main) refers to spi.o(i.SPI1_Init) for SPI1_Init
    main.o(i.main) refers to simple_server.o(i.InitServer) for InitServer
    main.o(i.main) refers to stm32f10x_tim.o(i.TIM_TimeBaseStructInit) for TIM_TimeBaseStructInit
    main.o(i.main) refers to stm32f10x_tim.o(i.TIM_TimeBaseInit) for TIM_TimeBaseInit
    main.o(i.main) refers to stm32f10x_tim.o(i.TIM_SelectOutputTrigger) for TIM_SelectOutputTrigger
    main.o(i.main) refers to stm32f10x_dac.o(i.DAC_Init) for DAC_Init
    main.o(i.main) refers to stm32f10x_dma.o(i.DMA_DeInit) for DMA_DeInit
    main.o(i.main) refers to stm32f10x_dma.o(i.DMA_Init) for DMA_Init
    main.o(i.main) refers to stm32f10x_dma.o(i.DMA_Cmd) for DMA_Cmd
    main.o(i.main) refers to stm32f10x_dac.o(i.DAC_Cmd) for DAC_Cmd
    main.o(i.main) refers to stm32f10x_dac.o(i.DAC_DMACmd) for DAC_DMACmd
    main.o(i.main) refers to stm32f10x_tim.o(i.TIM_Cmd) for TIM_Cmd
    main.o(i.main) refers to stm32f10x_dma.o(i.DMA_ITConfig) for DMA_ITConfig
    main.o(i.main) refers to misc.o(i.NVIC_PriorityGroupConfig) for NVIC_PriorityGroupConfig
    main.o(i.main) refers to misc.o(i.NVIC_Init) for NVIC_Init
    main.o(i.main) refers to stm32f10x_iwdg.o(i.IWDG_ReloadCounter) for IWDG_ReloadCounter
    main.o(i.main) refers to simple_server.o(i.RunNetSevice) for RunNetSevice
    main.o(i.main) refers to stm32f10x_gpio.o(i.GPIO_ResetBits) for GPIO_ResetBits
    main.o(i.main) refers to stm32f10x_gpio.o(i.GPIO_SetBits) for GPIO_SetBits
    main.o(i.main) refers to arr_fifo.o(i.fifo_pop_multiple) for fifo_pop_multiple
    main.o(i.main) refers to memcpya.o(.text) for __aeabi_memcpy4
    main.o(i.main) refers to printfa.o(i.__0printf) for __2printf
    main.o(i.main) refers to main.o(.bss) for .bss
    main.o(i.main) refers to main.o(.data) for .data
    main.o(i.main) refers to main.o(.constdata) for .constdata
    main.o(i.main) refers to simple_server.o(.data) for sdz
    enc28j60.o(i.enc28j60Init) refers to stm32f10x_gpio.o(i.GPIO_ResetBits) for GPIO_ResetBits
    enc28j60.o(i.enc28j60Init) refers to stm32f10x_gpio.o(i.GPIO_SetBits) for GPIO_SetBits
    enc28j60.o(i.enc28j60Init) refers to log.o(i.syslog) for syslog
    enc28j60.o(i.enc28j60Init) refers to enc28j60.o(i.enc28j60WriteOp) for enc28j60WriteOp
    enc28j60.o(i.enc28j60Init) refers to enc28j60.o(i.enc28j60Read) for enc28j60Read
    enc28j60.o(i.enc28j60Init) refers to enc28j60.o(i.enc28j60Write) for enc28j60Write
    enc28j60.o(i.enc28j60Init) refers to enc28j60.o(i.enc28j60PhyWrite) for enc28j60PhyWrite
    enc28j60.o(i.enc28j60Init) refers to enc28j60.o(i.enc28j60SetBank) for enc28j60SetBank
[...]
    Removing stm32f10x_tim.o(i.TIM_OC1PreloadConfig), (12 bytes).
    Removing stm32f10x_tim.o(i.TIM_OC2FastConfig), (20 bytes).
    Removing stm32f10x_tim.o(i.TIM_OC2Init), (128 bytes).
    Removing stm32f10x_tim.o(i.TIM_OC2NPolarityConfig), (20 bytes).
    Removing stm32f10x_tim.o(i.TIM_OC2PolarityConfig), (20 bytes).
    Removing stm32f10x_tim.o(i.TIM_OC2PreloadConfig), (20 bytes).
    Removing stm32f10x_tim.o(i.TIM_OC3FastConfig), (12 bytes).
    Removing stm32f10x_tim.o(i.TIM_OC3Init), (124 bytes).
    Removing stm32f10x_tim.o(i.TIM_OC3NPolarityConfig), (20 bytes).
    Removing stm32f10x_tim.o(i.TIM_OC3PolarityConfig), (20 bytes).
    Removing stm32f10x_tim.o(i.TIM_OC3PreloadConfig), (12 bytes).
    Removing stm32f10x_tim.o(i.TIM_OC4FastConfig), (20 bytes).
    Removing stm32f10x_tim.o(i.TIM_OC4Init), (100 bytes).
    Removing stm32f10x_tim.o(i.TIM_OC4PolarityConfig), (20 bytes).
    Removing stm32f10x_tim.o(i.TIM_OC4PreloadConfig), (20 bytes).
    Removing stm32f10x_tim.o(i.TIM_OCStructInit), (20 bytes).
    Removing stm32f10x_tim.o(i.TIM_PWMIConfig), (108 bytes).
    Removing stm32f10x_tim.o(i.TIM_PrescalerConfig), (6 bytes).
    Removing stm32f10x_tim.o(i.TIM_SelectCCDMA), (20 bytes).
    Removing stm32f10x_tim.o(i.TIM_SelectCOM), (20 bytes).
    Removing stm32f10x_tim.o(i.TIM_SelectHallSensor), (20 bytes).
    Removing stm32f10x_tim.o(i.TIM_SelectInputTrigger), (12 bytes).
    Removing stm32f10x_tim.o(i.TIM_SelectMasterSlaveMode), (16 bytes).
    Removing stm32f10x_tim.o(i.TIM_SelectOCxM), (70 bytes).
    Removing stm32f10x_tim.o(i.TIM_SelectOnePulseMode), (16 bytes).
    Removing stm32f10x_tim.o(i.TIM_SelectSlaveMode), (16 bytes).
    Removing stm32f10x_tim.o(i.TIM_SetAutoreload), (4 bytes).
    Removing stm32f10x_tim.o(i.TIM_SetClockDivision), (16 bytes).
    Removing stm32f10x_tim.o(i.TIM_SetCompare1), (4 bytes).
    Removing stm32f10x_tim.o(i.TIM_SetCompare2), (4 bytes).
    Removing stm32f10x_tim.o(i.TIM_SetCompare3), (4 bytes).
    Removing stm32f10x_tim.o(i.TIM_SetCompare4), (6 bytes).
    Removing stm32f10x_tim.o(i.TIM_SetCounter), (4 bytes).
    Removing stm32f10x_tim.o(i.TIM_SetIC1Prescaler), (16 bytes).
    Removing stm32f10x_tim.o(i.TIM_SetIC2Prescaler), (24 bytes).
    Removing stm32f10x_tim.o(i.TIM_SetIC3Prescaler), (16 bytes).
    Removing stm32f10x_tim.o(i.TIM_SetIC4Prescaler), (24 bytes).
    Removing stm32f10x_tim.o(i.TIM_TIxExternalClockConfig), (46 bytes).
    Removing stm32f10x_tim.o(i.TIM_UpdateDisableConfig), (20 bytes).
    Removing stm32f10x_tim.o(i.TIM_UpdateRequestConfig), (20 bytes).
    Removing stm32f10x_wwdg.o(i.WWDG_ClearFlag), (12 bytes).
    Removing stm32f10x_wwdg.o(i.WWDG_DeInit), (24 bytes).
    Removing stm32f10x_wwdg.o(i.WWDG_Enable), (16 bytes).
    Removing stm32f10x_wwdg.o(i.WWDG_EnableIT), (16 bytes).
    Removing stm32f10x_wwdg.o(i.WWDG_GetFlagStatus), (12 bytes).
    Removing stm32f10x_wwdg.o(i.WWDG_SetCounter), (16 bytes).
    Removing stm32f10x_wwdg.o(i.WWDG_SetPrescaler), (20 bytes).
    Removing stm32f10x_wwdg.o(i.WWDG_SetWindowValue), (28 bytes).
    Removing core_cm3.o(.emb_text), (32 bytes).
    Removing system_stm32f10x.o(i.SystemCoreClockUpdate), (100 bytes).
    Removing system_stm32f10x.o(.data), (20 bytes).
    Removing stm32_eval.o(i.LM75_LowLevel_DeInit), (88 bytes).
    Removing stm32_eval.o(i.LM75_LowLevel_Init), (88 bytes).
    Removing stm32_eval.o(i.SD_DMAEndOfTransferStatus), (12 bytes).
    Removing stm32_eval.o(i.SD_LowLevel_DMA_RxConfig), (92 bytes).
    Removing stm32_eval.o(i.SD_LowLevel_DMA_TxConfig), (96 bytes).
    Removing stm32_eval.o(i.SD_LowLevel_DeInit), (72 bytes).
    Removing stm32_eval.o(i.SD_LowLevel_Init), (104 bytes).
    Removing stm32_eval.o(i.STM_EVAL_COMInit), (164 bytes).
    Removing stm32_eval.o(i.STM_EVAL_LEDInit), (64 bytes).
    Removing stm32_eval.o(i.STM_EVAL_LEDOff), (24 bytes).
    Removing stm32_eval.o(i.STM_EVAL_LEDOn), (24 bytes).
    Removing stm32_eval.o(i.STM_EVAL_LEDToggle), (28 bytes).
    Removing stm32_eval.o(i.STM_EVAL_PBGetState), (24 bytes).
    Removing stm32_eval.o(i.STM_EVAL_PBInit), (156 bytes).
    Removing stm32_eval.o(i.sFLASH_LowLevel_DeInit), (104 bytes).
    Removing stm32_eval.o(i.sFLASH_LowLevel_Init), (108 bytes).
    Removing stm32_eval.o(.constdata), (168 bytes).
    Removing stm32_eval.o(.data), (72 bytes).
    Removing stm32_eval_i2c_tsensor.o(i.LM75_DMA_Config), (100 bytes).
    Removing stm32_eval_i2c_tsensor.o(i.LM75_DeInit), (4 bytes).
    Removing stm32_eval_i2c_tsensor.o(i.LM75_GetStatus), (136 bytes).
    Removing stm32_eval_i2c_tsensor.o(i.LM75_Init), (88 bytes).
    Removing stm32_eval_i2c_tsensor.o(i.LM75_ReadConfReg), (380 bytes).
    Removing stm32_eval_i2c_tsensor.o(i.LM75_ReadReg), (388 bytes).
    Removing stm32_eval_i2c_tsensor.o(i.LM75_ReadTemp), (388 bytes).
    Removing stm32_eval_i2c_tsensor.o(i.LM75_ShutDown), (716 bytes).
    Removing stm32_eval_i2c_tsensor.o(i.LM75_WriteConfReg), (316 bytes).
    Removing stm32_eval_i2c_tsensor.o(i.LM75_WriteReg), (328 bytes).
    Removing stm32_eval_i2c_tsensor.o(.data), (4 bytes).
    Removing stm32_eval_sdio_sd.o(i.CmdResp1Error), (28 bytes).
    Removing stm32_eval_sdio_sd.o(i.CmdResp2Error), (52 bytes).
    Removing stm32_eval_sdio_sd.o(i.CmdResp6Error), (112 bytes).
    Removing stm32_eval_sdio_sd.o(i.FindSCR), (308 bytes).
    Removing stm32_eval_sdio_sd.o(i.IsCardProgramming), (332 bytes).
    Removing stm32_eval_sdio_sd.o(i.SDEnWideBus), (192 bytes).
    Removing stm32_eval_sdio_sd.o(i.SD_DeInit), (4 bytes).
    Removing stm32_eval_sdio_sd.o(i.SD_Detect), (36 bytes).
    Removing stm32_eval_sdio_sd.o(i.SD_EnableWideBusOperation), (116 bytes).
    Removing stm32_eval_sdio_sd.o(i.SD_Erase), (252 bytes).
    Removing stm32_eval_sdio_sd.o(i.SD_GetCardInfo), (580 bytes).
    Removing stm32_eval_sdio_sd.o(i.SD_GetCardStatus), (128 bytes).
    Removing stm32_eval_sdio_sd.o(i.SD_GetState), (34 bytes).
    Removing stm32_eval_sdio_sd.o(i.SD_GetStatus), (26 bytes).
    Removing stm32_eval_sdio_sd.o(i.SD_GetTransferState), (20 bytes).
    Removing stm32_eval_sdio_sd.o(i.SD_Init), (96 bytes).
    Removing stm32_eval_sdio_sd.o(i.SD_InitializeCards), (252 bytes).
    Removing stm32_eval_sdio_sd.o(i.SD_PowerOFF), (14 bytes).
    Removing stm32_eval_sdio_sd.o(i.SD_PowerON), (416 bytes).
    Removing stm32_eval_sdio_sd.o(i.SD_ProcessIRQSrc), (64 bytes).
    Removing stm32_eval_sdio_sd.o(i.SD_ReadBlock), (136 bytes).
    Removing stm32_eval_sdio_sd.o(i.SD_ReadMultiBlocks), (188 bytes).
    Removing stm32_eval_sdio_sd.o(i.SD_SelectDeselect), (44 bytes).
    Removing stm32_eval_sdio_sd.o(i.SD_SendSDStatus), (320 bytes).
    Removing stm32_eval_sdio_sd.o(i.SD_SendStatus), (44 bytes).
    Removing stm32_eval_sdio_sd.o(i.SD_StopTransfer), (24 bytes).
    Removing stm32_eval_sdio_sd.o(i.SD_WaitReadOperation), (40 bytes).
    Removing stm32_eval_sdio_sd.o(i.SD_WaitWriteOperation), (48 bytes).
    Removing stm32_eval_sdio_sd.o(i.SD_WriteBlock), (128 bytes).
    Removing stm32_eval_sdio_sd.o(i.SD_WriteMultiBlocks), (220 bytes).
    Removing stm32_eval_sdio_sd.o(i.convert_from_bytes_to_power_of_two), (18 bytes).
    Removing stm32_eval_sdio_sd.o(.bss), (196 bytes).
    Removing stm32_eval_sdio_sd.o(.data), (20 bytes).
    Removing stm32_eval_spi_flash.o(i.sFLASH_DeInit), (4 bytes).
    Removing stm32_eval_spi_flash.o(i.sFLASH_EraseBulk), (44 bytes).
    Removing stm32_eval_spi_flash.o(i.sFLASH_EraseSector), (68 bytes).
    Removing stm32_eval_spi_flash.o(i.sFLASH_Init), (100 bytes).
    Removing stm32_eval_spi_flash.o(i.sFLASH_ReadBuffer), (84 bytes).
    Removing stm32_eval_spi_flash.o(i.sFLASH_ReadByte), (6 bytes).
    Removing stm32_eval_spi_flash.o(i.sFLASH_ReadID), (68 bytes).
    Removing stm32_eval_spi_flash.o(i.sFLASH_SendByte), (52 bytes).
    Removing stm32_eval_spi_flash.o(i.sFLASH_SendHalfWord), (52 bytes).
    Removing stm32_eval_spi_flash.o(i.sFLASH_StartReadSequence), (48 bytes).
    Removing stm32_eval_spi_flash.o(i.sFLASH_WaitForWriteEnd), (44 bytes).
    Removing stm32_eval_spi_flash.o(i.sFLASH_WriteBuffer), (188 bytes).
    Removing stm32_eval_spi_flash.o(i.sFLASH_WriteEnable), (36 bytes).
    Removing stm32_eval_spi_flash.o(i.sFLASH_WritePage), (88 bytes).
    Removing stm3210e_eval_lcd.o(i.LCD_Clear), (38 bytes).
    Removing stm3210e_eval_lcd.o(i.LCD_ClearLine), (48 bytes).
    Removing stm3210e_eval_lcd.o(i.LCD_ClosedPolyLine), (34 bytes).
    Removing stm3210e_eval_lcd.o(i.LCD_ClosedPolyLineRelative), (6 bytes).
    Removing stm3210e_eval_lcd.o(i.LCD_CtrlLinesConfig), (112 bytes).
    Removing stm3210e_eval_lcd.o(i.LCD_DeInit), (108 bytes).
    Removing stm3210e_eval_lcd.o(i.LCD_DisplayChar), (32 bytes).
    Removing stm3210e_eval_lcd.o(i.LCD_DisplayOff), (8 bytes).
    Removing stm3210e_eval_lcd.o(i.LCD_DisplayOn), (10 bytes).
    Removing stm3210e_eval_lcd.o(i.LCD_DisplayStringLine), (56 bytes).
    Removing stm3210e_eval_lcd.o(i.LCD_DrawChar), (124 bytes).
    Removing stm3210e_eval_lcd.o(i.LCD_DrawCircle), (264 bytes).
    Removing stm3210e_eval_lcd.o(i.LCD_DrawFullCircle), (196 bytes).
    Removing stm3210e_eval_lcd.o(i.LCD_DrawFullRect), (152 bytes).
    Removing stm3210e_eval_lcd.o(i.LCD_DrawLine), (92 bytes).
    Removing stm3210e_eval_lcd.o(i.LCD_DrawMonoPict), (76 bytes).
    Removing stm3210e_eval_lcd.o(i.LCD_DrawRect), (64 bytes).
    Removing stm3210e_eval_lcd.o(i.LCD_DrawUniLine), (188 bytes).
    Removing stm3210e_eval_lcd.o(i.LCD_FSMCConfig), (80 bytes).
    Removing stm3210e_eval_lcd.o(i.LCD_FillPolyLine), (484 bytes).
    Removing stm3210e_eval_lcd.o(i.LCD_GetColors), (16 bytes).
    Removing stm3210e_eval_lcd.o(i.LCD_GetFont), (12 bytes).
    Removing stm3210e_eval_lcd.o(i.LCD_PolyLine), (42 bytes).
    Removing stm3210e_eval_lcd.o(i.LCD_PolyLineRelative), (6 bytes).
    Removing stm3210e_eval_lcd.o(i.LCD_PolyLineRelativeClosed), (98 bytes).
    Removing stm3210e_eval_lcd.o(i.LCD_PowerOn), (120 bytes).
    Removing stm3210e_eval_lcd.o(i.LCD_ReadRAM), (12 bytes).
    Removing stm3210e_eval_lcd.o(i.LCD_ReadReg), (10 bytes).
    Removing stm3210e_eval_lcd.o(i.LCD_SetBackColor), (16 bytes).
    Removing stm3210e_eval_lcd.o(i.LCD_SetColors), (24 bytes).
    Removing stm3210e_eval_lcd.o(i.LCD_SetCursor), (24 bytes).
    Removing stm3210e_eval_lcd.o(i.LCD_SetDisplayWindow), (74 bytes).
    Removing stm3210e_eval_lcd.o(i.LCD_SetFont), (12 bytes).
    Removing stm3210e_eval_lcd.o(i.LCD_SetTextColor), (16 bytes).
    Removing stm3210e_eval_lcd.o(i.LCD_WindowModeDisable), (30 bytes).
    Removing stm3210e_eval_lcd.o(i.LCD_WriteBMP), (74 bytes).
    Removing stm3210e_eval_lcd.o(i.LCD_WriteRAM), (8 bytes).
    Removing stm3210e_eval_lcd.o(i.LCD_WriteRAM_Prepare), (10 bytes).
    Removing stm3210e_eval_lcd.o(i.LCD_WriteReg), (10 bytes).
    Removing stm3210e_eval_lcd.o(i.PutPixel), (28 bytes).
    Removing stm3210e_eval_lcd.o(i.STM3210E_LCD_Init), (1094 bytes).
    Removing stm3210e_eval_lcd.o(i.delay), (28 bytes).
    Removing stm3210e_eval_lcd.o(.constdata), (4560 bytes).
    Removing stm3210e_eval_lcd.o(.constdata), (2304 bytes).
    Removing stm3210e_eval_lcd.o(.constdata), (2304 bytes).
    Removing stm3210e_eval_lcd.o(.constdata), (1536 bytes).
    Removing stm3210e_eval_lcd.o(.data), (16 bytes).
    Removing stm3210e_eval_lcd.o(.data), (8 bytes).
    Removing stm3210e_eval_lcd.o(.data), (8 bytes).
    Removing stm3210e_eval_lcd.o(.data), (8 bytes).
    Removing stm3210e_eval_fsmc_sram.o(i.SRAM_Init), (240 bytes).
    Removing stm3210e_eval_fsmc_sram.o(i.SRAM_ReadBuffer), (22 bytes).
    Removing stm3210e_eval_fsmc_sram.o(i.SRAM_WriteBuffer), (26 bytes).
    Removing stm3210e_eval_fsmc_nand.o(i.NAND_AddressIncrement), (54 bytes).
    Removing stm3210e_eval_fsmc_nand.o(i.NAND_EraseBlock), (48 bytes).
    Removing stm3210e_eval_fsmc_nand.o(i.NAND_GetStatus), (38 bytes).
    Removing stm3210e_eval_fsmc_nand.o(i.NAND_Init), (164 bytes).
    Removing stm3210e_eval_fsmc_nand.o(i.NAND_ReadID), (44 bytes).
    Removing stm3210e_eval_fsmc_nand.o(i.NAND_ReadSmallPage), (124 bytes).
    Removing stm3210e_eval_fsmc_nand.o(i.NAND_ReadSpareArea), (124 bytes).
    Removing stm3210e_eval_fsmc_nand.o(i.NAND_ReadStatus), (32 bytes).
    Removing stm3210e_eval_fsmc_nand.o(i.NAND_Reset), (16 bytes).
    Removing stm3210e_eval_fsmc_nand.o(i.NAND_WriteSmallPage), (156 bytes).
    Removing stm3210e_eval_fsmc_nand.o(i.NAND_WriteSpareArea), (156 bytes).
    Removing stm3210e_eval_fsmc_nor.o(i.NOR_EraseBlock), (48 bytes).
    Removing stm3210e_eval_fsmc_nor.o(i.NOR_EraseChip), (44 bytes).
    Removing stm3210e_eval_fsmc_nor.o(i.NOR_GetStatus), (108 bytes).
    Removing stm3210e_eval_fsmc_nor.o(i.NOR_Init), (268 bytes).
    Removing stm3210e_eval_fsmc_nor.o(i.NOR_ProgramBuffer), (84 bytes).
    Removing stm3210e_eval_fsmc_nor.o(i.NOR_ReadBuffer), (56 bytes).
    Removing stm3210e_eval_fsmc_nor.o(i.NOR_ReadHalfWord), (32 bytes).
    Removing stm3210e_eval_fsmc_nor.o(i.NOR_ReadID), (48 bytes).
    Removing stm3210e_eval_fsmc_nor.o(i.NOR_Reset), (32 bytes).
    Removing stm3210e_eval_fsmc_nor.o(i.NOR_ReturnToReadMode), (12 bytes).
    Removing stm3210e_eval_fsmc_nor.o(i.NOR_WriteBuffer), (32 bytes).
    Removing stm3210e_eval_fsmc_nor.o(i.NOR_WriteHalfWord), (40 bytes).
    Removing startup_stm32f10x_hd.o(HEAP), (512 bytes).
    Removing dfltui.o(.text), (26 bytes).
    Removing cdcmple.o(.text), (48 bytes).
    Removing arr_fifo.o(i.fifo_count_elements), (4 bytes).

617 unused section(s) (total 507267 bytes) removed from the image.

==============================================================================

Image Symbol Table

    Local Symbols

    Symbol Name                              Value     Ov Type        Size  Object(Section)

    ../clib/microlib/division.c              0x00000000   Number         0  uidiv.o ABSOLUTE
    ../clib/microlib/division.c              0x00000000   Number         0  uldiv.o ABSOLUTE
    ../clib/microlib/init/entry.s            0x00000000   Number         0  entry9a.o ABSOLUTE
    ../clib/microlib/init/entry.s            0x00000000   Number         0  entry11a.o ABSOLUTE
    ../clib/microlib/init/entry.s            0x00000000   Number         0  entry11b.o ABSOLUTE
    ../clib/microlib/init/entry.s            0x00000000   Number         0  entry9b.o ABSOLUTE
    ../clib/microlib/init/entry.s            0x00000000   Number         0  entry10a.o ABSOLUTE
    ../clib/microlib/init/entry.s            0x00000000   Number         0  entry10b.o ABSOLUTE
    ../clib/microlib/init/entry.s            0x00000000   Number         0  entry8a.o ABSOLUTE
    ../clib/microlib/init/entry.s            0x00000000   Number         0  entry2.o ABSOLUTE
    ../clib/microlib/init/entry.s            0x00000000   Number         0  entry5.o ABSOLUTE
    ../clib/microlib/init/entry.s            0x00000000   Number         0  entry7a.o ABSOLUTE
    ../clib/microlib/init/entry.s            0x00000000   Number         0  entry7b.o ABSOLUTE
    ../clib/microlib/init/entry.s            0x00000000   Number         0  entry8b.o ABSOLUTE
    ../clib/microlib/init/entry.s            0x00000000   Number         0  entry.o ABSOLUTE
    ../clib/microlib/longlong.c              0x00000000   Number         0  llshl.o ABSOLUTE
    ../clib/microlib/longlong.c              0x00000000   Number         0  llushr.o ABSOLUTE
    ../clib/microlib/longlong.c              0x00000000   Number         0  llsshr.o ABSOLUTE
    ../clib/microlib/printf/printf.c         0x00000000   Number         0  printf4.o ABSOLUTE
    ../clib/microlib/printf/printf.c         0x00000000   Number         0  printf6.o ABSOLUTE
    ../clib/microlib/printf/printf.c         0x00000000   Number         0  printf5.o ABSOLUTE
    ../clib/microlib/printf/printf.c         0x00000000   Number         0  printf3.o ABSOLUTE
    ../clib/microlib/printf/printf.c         0x00000000   Number         0  printf2.o ABSOLUTE
    ../clib/microlib/printf/printf.c         0x00000000   Number         0  printf1.o ABSOLUTE
    ../clib/microlib/printf/printf.c         0x00000000   Number         0  printf0.o ABSOLUTE
    ../clib/microlib/printf/printf.c         0x00000000   Number         0  printfb.o ABSOLUTE
    ../clib/microlib/printf/printf.c         0x00000000   Number         0  printf7.o ABSOLUTE
    ../clib/microlib/printf/printf.c         0x00000000   Number         0  printfa.o ABSOLUTE
    ../clib/microlib/printf/printf.c         0x00000000   Number         0  printf8.o ABSOLUTE
    ../clib/microlib/printf/stubs.s          0x00000000   Number         0  stubs.o ABSOLUTE
    ../clib/microlib/stdio/putc.c            0x00000000   Number         0  putc.o ABSOLUTE
    ../clib/microlib/stdio/streams.c         0x00000000   Number         0  stdout.o ABSOLUTE
    ../clib/microlib/string/memcpy.c         0x00000000   Number         0  memcpyb.o ABSOLUTE
    ../clib/microlib/string/memcpy.c         0x00000000   Number         0  memcpya.o ABSOLUTE
    ../clib/microlib/string/strlen.c         0x00000000   Number         0  strlen.o ABSOLUTE
    ../clib/microlib/string/strncmp.c        0x00000000   Number         0  strncmp.o ABSOLUTE
    ../clib/microlib/stubs.s                 0x00000000   Number         0  iusefp.o ABSOLUTE
    ../fplib/microlib/fpadd.c                0x00000000   Number         0  dadd.o ABSOLUTE
    ../fplib/microlib/fpdiv.c                0x00000000   Number         0  ddiv.o ABSOLUTE
    ../fplib/microlib/fpepilogue.c           0x00000000   Number         0  depilogue.o ABSOLUTE
    ../fplib/microlib/fpfix.c                0x00000000   Number         0  dfixul.o ABSOLUTE
    ../fplib/microlib/fpflt.c                0x00000000   Number         0  dflti.o ABSOLUTE
    ../fplib/microlib/fpflt.c                0x00000000   Number         0  dfltui.o ABSOLUTE
    ../fplib/microlib/fpmul.c                0x00000000   Number         0  dmul.o ABSOLUTE
    ..\..\..\Libraries\CMSIS\CM3\CoreSupport\core_cm3.c 0x00000000   Number         0  core_cm3.o ABSOLUTE
    ..\..\..\Libraries\CMSIS\CM3\DeviceSupport\ST\STM32F10x\startup\arm\startup_stm32f10x_hd.s 0x00000000   Number         0  startup_stm32f10x_hd.o ABSOLUTE
    ..\..\..\Libraries\STM32F10x_StdPeriph_Driver\src\misc.c 0x00000000   Number         0  misc.o ABSOLUTE
    ..\..\..\Libraries\STM32F10x_StdPeriph_Driver\src\stm32f10x_adc.c 0x00000000   Number         0  stm32f10x_adc.o ABSOLUTE
    ..\..\..\Libraries\STM32F10x_StdPeriph_Driver\src\stm32f10x_bkp.c 0x00000000   Number         0  stm32f10x_bkp.o ABSOLUTE
    ..\..\..\Libraries\STM32F10x_StdPeriph_Driver\src\stm32f10x_can.c 0x00000000   Number         0  stm32f10x_can.o ABSOLUTE
    ..\..\..\Libraries\STM32F10x_StdPeriph_Driver\src\stm32f10x_cec.c 0x00000000   Number         0  stm32f10x_cec.o ABSOLUTE
    ..\..\..\Libraries\STM32F10x_StdPeriph_Driver\src\stm32f10x_crc.c 0x00000000   Number         0  stm32f10x_crc.o ABSOLUTE
    ..\..\..\Libraries\STM32F10x_StdPeriph_Driver\src\stm32f10x_dac.c 0x00000000   Number         0  stm32f10x_dac.o ABSOLUTE
    ..\..\..\Libraries\STM32F10x_StdPeriph_Driver\src\stm32f10x_dbgmcu.c 0x00000000   Number         0  stm32f10x_dbgmcu.o ABSOLUTE
    ..\..\..\Libraries\STM32F10x_StdPeriph_Driver\src\stm32f10x_dma.c 0x00000000   Number         0  stm32f10x_dma.o ABSOLUTE
    ..\..\..\Libraries\STM32F10x_StdPeriph_Driver\src\stm32f10x_exti.c 0x00000000   Number         0  stm32f10x_exti.o ABSOLUTE
    ..\..\..\Libraries\STM32F10x_StdPeriph_Driver\src\stm32f10x_flash.c 0x00000000   Number         0  stm32f10x_flash.o ABSOLUTE
    ..\..\..\Libraries\STM32F10x_StdPeriph_Driver\src\stm32f10x_fsmc.c 0x00000000   Number         0  stm32f10x_fsmc.o ABSOLUTE
    ..\..\..\Libraries\STM32F10x_StdPeriph_Driver\src\stm32f10x_gpio.c 0x00000000   Number         0  stm32f10x_gpio.o ABSOLUTE
    ..\..\..\Libraries\STM32F10x_StdPeriph_Driver\src\stm32f10x_i2c.c 0x00000000   Number         0  stm32f10x_i2c.o ABSOLUTE
    ..\..\..\Libraries\STM32F10x_StdPeriph_Driver\src\stm32f10x_iwdg.c 0x00000000   Number         0  stm32f10x_iwdg.o ABSOLUTE
    ..\..\..\Libraries\STM32F10x_StdPeriph_Driver\src\stm32f10x_pwr.c 0x00000000   Number         0  stm32f10x_pwr.o ABSOLUTE
    ..\..\..\Libraries\STM32F10x_StdPeriph_Driver\src\stm32f10x_rcc.c 0x00000000   Number         0  stm32f10x_rcc.o ABSOLUTE
    ..\..\..\Libraries\STM32F10x_StdPeriph_Driver\src\stm32f10x_rtc.c 0x00000000   Number         0  stm32f10x_rtc.o ABSOLUTE
    ..\..\..\Libraries\STM32F10x_StdPeriph_Driver\src\stm32f10x_sdio.c 0x00000000   Number         0  stm32f10x_sdio.o ABSOLUTE
    ..\..\..\Libraries\STM32F10x_StdPeriph_Driver\src\stm32f10x_spi.c 0x00000000   Number         0  stm32f10x_spi.o ABSOLUTE
    ..\..\..\Libraries\STM32F10x_StdPeriph_Driver\src\stm32f10x_tim.c 0x00000000   Number         0  stm32f10x_tim.o ABSOLUTE
    ..\..\..\Libraries\STM32F10x_StdPeriph_Driver\src\stm32f10x_usart.c 0x00000000   Number         0  stm32f10x_usart.o ABSOLUTE
    ..\..\..\Libraries\STM32F10x_StdPeriph_Driver\src\stm32f10x_wwdg.c 0x00000000   Number         0  stm32f10x_wwdg.o ABSOLUTE
    ..\..\..\Utilities\STM32_EVAL\Common\stm32_eval_i2c_tsensor.c 0x00000000   Number         0  stm32_eval_i2c_tsensor.o ABSOLUTE
    ..\..\..\Utilities\STM32_EVAL\Common\stm32_eval_sdio_sd.c 0x00000000   Number         0  stm32_eval_sdio_sd.o ABSOLUTE
    ..\..\..\Utilities\STM32_EVAL\Common\stm32_eval_spi_flash.c 0x00000000   Number         0  stm32_eval_spi_flash.o ABSOLUTE
    ..\..\..\Utilities\STM32_EVAL\STM3210E_EVAL\stm3210e_eval_fsmc_nand.c 0x00000000   Number         0  stm3210e_eval_fsmc_nand.o ABSOLUTE
    ..\..\..\Utilities\STM32_EVAL\STM3210E_EVAL\stm3210e_eval_fsmc_nor.c 0x00000000   Number         0  stm3210e_eval_fsmc_nor.o ABSOLUTE
    ..\..\..\Utilities\STM32_EVAL\STM3210E_EVAL\stm3210e_eval_fsmc_sram.c 0x00000000   Number         0  stm3210e_eval_fsmc_sram.o ABSOLUTE
    ..\..\..\Utilities\STM32_EVAL\STM3210E_EVAL\stm3210e_eval_lcd.c 0x00000000   Number         0  stm3210e_eval_lcd.o ABSOLUTE
    ..\..\..\Utilities\STM32_EVAL\stm32_eval.c 0x00000000   Number         0  stm32_eval.o ABSOLUTE
    ..\TCPIP\ENC28J60.C                      0x00000000   Number         0  enc28j60.o ABSOLUTE
    ..\TCPIP\SPI.C                           0x00000000   Number         0  spi.o ABSOLUTE
    ..\TCPIP\ip_arp_udp_tcp.c                0x00000000   Number         0  ip_arp_udp_tcp.o ABSOLUTE
    ..\TCPIP\simple_server.c                 0x00000000   Number         0  simple_server.o ABSOLUTE
    ..\TCPIP\socket.c                        0x00000000   Number         0  socket.o ABSOLUTE
    ..\UartDrv.c                             0x00000000   Number         0  uartdrv.o ABSOLUTE
    ..\\..\\..\\Libraries\\CMSIS\\CM3\\CoreSupport\\core_cm3.c 0x00000000   Number         0  core_cm3.o ABSOLUTE
    ..\arr_fifo.c                            0x00000000   Number         0  arr_fifo.o ABSOLUTE
    ..\log.c                                 0x00000000   Number         0  log.o ABSOLUTE
    ..\main.c                                0x00000000   Number         0  main.o ABSOLUTE
    ..\stm32f10x_it.c                        0x00000000   Number         0  stm32f10x_it.o ABSOLUTE
    ..\system_stm32f10x.c                    0x00000000   Number         0  system_stm32f10x.o ABSOLUTE
    ..\wav.c                                 0x00000000   Number         0  wav.o ABSOLUTE
    cdcmple.s                                0x00000000   Number         0  cdcmple.o ABSOLUTE
    cdrcmple.s                               0x00000000   Number         0  cdrcmple.o ABSOLUTE
    dc.s                                     0x00000000   Number         0  dc.o ABSOLUTE
    handlers.s                               0x00000000   Number         0  handlers.o ABSOLUTE
    init.s                                   0x00000000   Number         0  init.o ABSOLUTE
    RESET                                    0x08000000   Section      304  startup_stm32f10x_hd.o(RESET)
    .ARM.Collect$$$$00000000                 0x08000130   Section        0  entry.o(.ARM.Collect$$$$00000000)
    .ARM.Collect$$$$00000001                 0x08000130   Section        4  entry2.o(.ARM.Collect$$$$00000001)
    .ARM.Collect$$$$00000004                 0x08000134   Section        4  entry5.o(.ARM.Collect$$$$00000004)
    .ARM.Collect$$$$00000008                 0x08000138   Section        0  entry7b.o(.ARM.Collect$$$$00000008)
    .ARM.Collect$$$$0000000A                 0x08000138   Section        0  entry8b.o(.ARM.Collect$$$$0000000A)
    .ARM.Collect$$$$0000000B                 0x08000138   Section        8  entry9a.o(.ARM.Collect$$$$0000000B)
    .ARM.Collect$$$$0000000D                 0x08000140   Section        0  entry10a.o(.ARM.Collect$$$$0000000D)
    .ARM.Collect$$$$0000000F                 0x08000140   Section        0  entry11a.o(.ARM.Collect$$$$0000000F)
    .ARM.Collect$$$$00002712                 0x08000140   Section        4  entry2.o(.ARM.Collect$$$$00002712)
    __lit__00000000                          0x08000140   Data           4  entry2.o(.ARM.Collect$$$$00002712)
    .text                                    0x08000144   Section       36  startup_stm32f10x_hd.o(.text)
    .text                                    0x08000168   Section        0  memcpya.o(.text)
    .text                                    0x0800018c   Section        0  strlen.o(.text)
    .text                                    0x0800019a   Section        0  strncmp.o(.text)
    .text                                    0x080001b8   Section        0  dmul.o(.text)
    .text                                    0x0800029c   Section        0  ddiv.o(.text)
    .text                                    0x0800037a   Section        0  dflti.o(.text)
    .text                                    0x0800039c   Section       48  cdrcmple.o(.text)
    .text                                    0x080003cc   Section        0  uidiv.o(.text)
    .text                                    0x080003f8   Section        0  uldiv.o(.text)
    .text                                    0x0800045a   Section        0  depilogue.o(.text)
    .text                                    0x0800045a   Section        0  iusefp.o(.text)
    .text                                    0x08000514   Section        0  dadd.o(.text)
    .text                                    0x08000662   Section        0  dfixul.o(.text)
    .text                                    0x08000694   Section       36  init.o(.text)
    .text                                    0x080006b8   Section        0  llshl.o(.text)
    .text                                    0x080006d6   Section        0  llushr.o(.text)
    .text                                    0x080006f6   Section        0  llsshr.o(.text)
    i.BusFault_Handler                       0x0800071a   Section        0  stm32f10x_it.o(i.BusFault_Handler)
    i.DAC_Cmd                                0x0800071c   Section        0  stm32f10x_dac.o(i.DAC_Cmd)
    i.DAC_DMACmd                             0x08000734   Section        0  stm32f10x_dac.o(i.DAC_DMACmd)
    i.DAC_Init                               0x0800074c   Section        0  stm32f10x_dac.o(i.DAC_Init)
    i.DMA1_Channel2_IRQHandler               0x08000774   Section        0  uartdrv.o(i.DMA1_Channel2_IRQHandler)
    i.DMA2_Channel4_5_IRQHandler             0x08000794   Section        0  main.o(i.DMA2_Channel4_5_IRQHandler)
    i.DMA_ClearFlag                          0x080007fc   Section        0  stm32f10x_dma.o(i.DMA_ClearFlag)
    i.DMA_Cmd                                0x08000814   Section        0  stm32f10x_dma.o(i.DMA_Cmd)
    i.DMA_DeInit                             0x0800082c   Section        0  stm32f10x_dma.o(i.DMA_DeInit)
    i.DMA_GetITStatus                        0x08000910   Section        0  stm32f10x_dma.o(i.DMA_GetITStatus)
    i.DMA_ITConfig                           0x08000930   Section        0  stm32f10x_dma.o(i.DMA_ITConfig)
    i.DMA_Init                               0x08000940   Section        0  stm32f10x_dma.o(i.DMA_Init)
    i.DebugMon_Handler                       0x0800097a   Section        0  stm32f10x_it.o(i.DebugMon_Handler)
    i.GPIO_Configuration                     0x0800097c   Section        0  main.o(i.GPIO_Configuration)
    i.GPIO_Init                              0x080009d0   Section        0  stm32f10x_gpio.o(i.GPIO_Init)
    i.GPIO_PinRemapConfig                    0x08000a74   Section        0  stm32f10x_gpio.o(i.GPIO_PinRemapConfig)
    i.GPIO_ResetBits                         0x08000acc   Section        0  stm32f10x_gpio.o(i.GPIO_ResetBits)
    i.GPIO_SetBits                           0x08000ad0   Section        0  stm32f10x_gpio.o(i.GPIO_SetBits)
    i.HardFault_Handler                      0x08000ad4   Section        0  stm32f10x_it.o(i.HardFault_Handler)
    i.IWDG_Enable                            0x08000ad8   Section        0  stm32f10x_iwdg.o(i.IWDG_Enable)
    i.IWDG_ReloadCounter                     0x08000ae8   Section        0  stm32f10x_iwdg.o(i.IWDG_ReloadCounter)
    i.IWDG_SetPrescaler                      0x08000af8   Section        0  stm32f10x_iwdg.o(i.IWDG_SetPrescaler)
    i.IWDG_SetReload                         0x08000b04   Section        0  stm32f10x_iwdg.o(i.IWDG_SetReload)
    i.IWDG_WriteAccessCmd                    0x08000b10   Section        0  stm32f10x_iwdg.o(i.IWDG_WriteAccessCmd)
    i.InitServer                             0x08000b1c   Section        0  simple_server.o(i.InitServer)
    i.InitUart                               0x08000b7c   Section        0  uartdrv.o(i.InitUart)
    i.Iwdg_Init                              0x08000c28   Section        0  main.o(i.Iwdg_Init)
    i.MemManage_Handler                      0x08000c84   Section        0  stm32f10x_it.o(i.MemManage_Handler)
    i.NMI_Handler                            0x08000c86   Section        0  stm32f10x_it.o(i.NMI_Handler)
    i.NVIC_Init                              0x08000c88   Section        0  misc.o(i.NVIC_Init)
    i.NVIC_PriorityGroupConfig               0x08000cec   Section        0  misc.o(i.NVIC_PriorityGroupConfig)
    i.PendSV_Handler                         0x08000d00   Section        0  stm32f10x_it.o(i.PendSV_Handler)
    i.PrintDebugInfo                         0x08000d04   Section        0  log.o(i.PrintDebugInfo)
    i.PrintDeviceStatus                      0x08000d50   Section        0  simple_server.o(i.PrintDeviceStatus)
    i.RCC_AHBPeriphClockCmd                  0x08000e64   Section        0  stm32f10x_rcc.o(i.RCC_AHBPeriphClockCmd)
    i.RCC_APB1PeriphClockCmd                 0x08000e7c   Section        0  stm32f10x_rcc.o(i.RCC_APB1PeriphClockCmd)
    i.RCC_APB2PeriphClockCmd                 0x08000e94   Section        0  stm32f10x_rcc.o(i.RCC_APB2PeriphClockCmd)
    i.RCC_ClearFlag                          0x08000eac   Section        0  stm32f10x_rcc.o(i.RCC_ClearFlag)
    i.RCC_Configuration                      0x08000ebc   Section        0  main.o(i.RCC_Configuration)
    i.RCC_GetClocksFreq                      0x08000ee4   Section        0  stm32f10x_rcc.o(i.RCC_GetClocksFreq)
    i.RCC_GetFlagStatus                      0x08000f74   Section        0  stm32f10x_rcc.o(i.RCC_GetFlagStatus)
    i.RunNetSevice                           0x08000fa4   Section        0  simple_server.o(i.RunNetSevice)
    i.SPI1_Init                              0x080013a4   Section        0  spi.o(i.SPI1_Init)
    i.SPI1_ReadWrite                         0x08001498   Section        0  spi.o(i.SPI1_ReadWrite)
    i.SPI_Cmd                                0x0800154c   Section        0  stm32f10x_spi.o(i.SPI_Cmd)
    i.SPI_I2S_GetFlagStatus                  0x08001560   Section        0  stm32f10x_spi.o(i.SPI_I2S_GetFlagStatus)
    i.SPI_I2S_ReceiveData                    0x0800156e   Section        0  stm32f10x_spi.o(i.SPI_I2S_ReceiveData)
    i.SPI_I2S_SendData                       0x08001572   Section        0  stm32f10x_spi.o(i.SPI_I2S_SendData)
    i.SPI_Init                               0x08001576   Section        0  stm32f10x_spi.o(i.SPI_Init)
    i.SVC_Handler                            0x080015ae   Section        0  stm32f10x_it.o(i.SVC_Handler)
    i.SendByte1                              0x080015b0   Section        0  uartdrv.o(i.SendByte1)
    i.SendString1                            0x080015d4   Section        0  uartdrv.o(i.SendString1)
    i.SetSysClockTo72                        0x080015e8   Section        0  system_stm32f10x.o(i.SetSysClockTo72)
    SetSysClockTo72                          0x080015e9   Thumb Code   160  system_stm32f10x.o(i.SetSysClockTo72)
    i.SysTick_Handler                        0x08001690   Section        0  stm32f10x_it.o(i.SysTick_Handler)
    i.SystemInit                             0x08001694   Section        0  system_stm32f10x.o(i.SystemInit)
    i.TIM_Cmd                                0x080016e4   Section        0  stm32f10x_tim.o(i.TIM_Cmd)
    i.TIM_SelectOutputTrigger                0x080016f8   Section        0  stm32f10x_tim.o(i.TIM_SelectOutputTrigger)
    i.TIM_TimeBaseInit                       0x08001708   Section        0  stm32f10x_tim.o(i.TIM_TimeBaseInit)
    i.TIM_TimeBaseStructInit                 0x080017a4   Section        0  stm32f10x_tim.o(i.TIM_TimeBaseStructInit)
    i.USART_ClearFlag                        0x080017b6   Section        0  stm32f10x_usart.o(i.USART_ClearFlag)
    i.USART_Cmd                              0x080017bc   Section        0  stm32f10x_usart.o(i.USART_Cmd)
    i.USART_GetFlagStatus                    0x080017d0   Section        0  stm32f10x_usart.o(i.USART_GetFlagStatus)
    i.USART_Init                             0x080017e0   Section        0  stm32f10x_usart.o(i.USART_Init)
    i.USART_SendData                         0x0800188c   Section        0  stm32f10x_usart.o(i.USART_SendData)
    i.UsageFault_Handler                     0x08001894   Section        0  stm32f10x_it.o(i.UsageFault_Handler)
    i.__0printf                              0x08001898   Section        0  printfa.o(i.__0printf)
    i.__0sprintf                             0x080018b8   Section        0  printfa.o(i.__0sprintf)
    i.__0vsprintf                            0x080018e0   Section        0  printfa.o(i.__0vsprintf)
    i.__scatterload_copy                     0x08001904   Section       14  handlers.o(i.__scatterload_copy)
    i.__scatterload_null                     0x08001912   Section        2  handlers.o(i.__scatterload_null)
    i.__scatterload_zeroinit                 0x08001914   Section       14  handlers.o(i.__scatterload_zeroinit)
    i._fp_digits                             0x08001924   Section        0  printfa.o(i._fp_digits)
    _fp_digits                               0x08001925   Thumb Code   334  printfa.o(i._fp_digits)
    i._printf_core                           0x08001a88   Section        0  printfa.o(i._printf_core)
    _printf_core                             0x08001a89   Thumb Code  1744  printfa.o(i._printf_core)
    i._printf_post_padding                   0x08002164   Section        0  printfa.o(i._printf_post_padding)
    _printf_post_padding                     0x08002165   Thumb Code    36  printfa.o(i._printf_post_padding)
    i._printf_pre_padding                    0x08002188   Section        0  printfa.o(i._printf_pre_padding)
    _printf_pre_padding                      0x08002189   Thumb Code    46  printfa.o(i._printf_pre_padding)
    i._sputc                                 0x080021b6   Section        0  printfa.o(i._sputc)
    _sputc                                   0x080021b7   Thumb Code    10  printfa.o(i._sputc)
    i.analyse_get_url                        0x080021c0   Section        0  simple_server.o(i.analyse_get_url)
    i.checksum                               0x080021fe   Section        0  ip_arp_udp_tcp.o(i.checksum)
    i.enc28j60Init                           0x08002240   Section        0  enc28j60.o(i.enc28j60Init)
    i.enc28j60PacketReceive                  0x080026ac   Section        0  enc28j60.o(i.enc28j60PacketReceive)
    i.enc28j60PacketSend                     0x0800275c   Section        0  enc28j60.o(i.enc28j60PacketSend)
    i.enc28j60PhyWrite                       0x08002800   Section        0  enc28j60.o(i.enc28j60PhyWrite)
    i.enc28j60Read                           0x08002828   Section        0  enc28j60.o(i.enc28j60Read)
    i.enc28j60ReadBuffer                     0x0800283c   Section        0  enc28j60.o(i.enc28j60ReadBuffer)
    i.enc28j60ReadOp                         0x08002880   Section        0  enc28j60.o(i.enc28j60ReadOp)
    i.enc28j60SetBank                        0x080028c8   Section        0  enc28j60.o(i.enc28j60SetBank)
    i.enc28j60Write                          0x080028f8   Section        0  enc28j60.o(i.enc28j60Write)
    i.enc28j60WriteBuffer                    0x08002910   Section        0  enc28j60.o(i.enc28j60WriteBuffer)
    i.enc28j60WriteOp                        0x0800294c   Section        0  enc28j60.o(i.enc28j60WriteOp)
    i.enc28j60getrev                         0x08002988   Section        0  enc28j60.o(i.enc28j60getrev)
    i.eth_type_is_arp_and_my_ip              0x08002990   Section        0  ip_arp_udp_tcp.o(i.eth_type_is_arp_and_my_ip)
    i.eth_type_is_ip_and_my_ip               0x080029cc   Section        0  ip_arp_udp_tcp.o(i.eth_type_is_ip_and_my_ip)
    i.fifo_init                              0x08002a0c   Section        0  arr_fifo.o(i.fifo_init)
    i.fifo_pop_multiple                      0x08002a24   Section        0  arr_fifo.o(i.fifo_pop_multiple)
    i.fifo_push_multiple                     0x08002a60   Section        0  arr_fifo.o(i.fifo_push_multiple)
    i.fill_ip_hdr_checksum                   0x08002a9e   Section        0  ip_arp_udp_tcp.o(i.fill_ip_hdr_checksum)
    i.fill_tcp_data                          0x08002ac4   Section        0  ip_arp_udp_tcp.o(i.fill_tcp_data)
    i.fill_tcp_data_p                        0x08002adc   Section        0  ip_arp_udp_tcp.o(i.fill_tcp_data_p)
    i.fputc                                  0x08002af8   Section        0  main.o(i.fputc)
    i.get_tcp_data_pointer                   0x08002b1c   Section        0  ip_arp_udp_tcp.o(i.get_tcp_data_pointer)
    i.init_ip_arp_udp_tcp                    0x08002b30   Section        0  ip_arp_udp_tcp.o(i.init_ip_arp_udp_tcp)
    i.init_len_info                          0x08002b60   Section        0  ip_arp_udp_tcp.o(i.init_len_info)
    i.main                                   0x08002b7c   Section        0  main.o(i.main)
    i.make_arp_answer_from_request           0x08002de0   Section        0  ip_arp_udp_tcp.o(i.make_arp_answer_from_request)
    i.make_echo_reply_from_request           0x08002e34   Section        0  ip_arp_udp_tcp.o(i.make_echo_reply_from_request)
    i.make_eth                               0x08002e70   Section        0  ip_arp_udp_tcp.o(i.make_eth)
    i.make_http_ack_with_data                0x08002e90   Section        0  ip_arp_udp_tcp.o(i.make_http_ack_with_data)
    i.make_ip                                0x08002edc   Section        0  ip_arp_udp_tcp.o(i.make_ip)
    i.make_tcp_ack_from_any                  0x08002f00   Section        0  ip_arp_udp_tcp.o(i.make_tcp_ack_from_any)
    i.make_tcp_synack_from_syn               0x08002f58   Section        0  ip_arp_udp_tcp.o(i.make_tcp_synack_from_syn)
    i.make_tcphead                           0x08002fa4   Section        0  ip_arp_udp_tcp.o(i.make_tcphead)
    i.make_udp_reply_from_request            0x0800303c   Section        0  ip_arp_udp_tcp.o(i.make_udp_reply_from_request)
    i.putc                                   0x080030c0   Section        0  putc.o(i.putc)
    i.syslog                                 0x080030c4   Section        0  log.o(i.syslog)
    i.verify_password                        0x080030e8   Section        0  simple_server.o(i.verify_password)
    .constdata                               0x08003104   Section     1344  main.o(.constdata)
    .constdata                               0x08003644   Section       18  simple_server.o(.constdata)
    __FUNCTION__                             0x08003644   Data          18  simple_server.o(.constdata)
    .constdata                               0x08003656   Section        9  uartdrv.o(.constdata)
    __FUNCTION__                             0x08003656   Data           9  uartdrv.o(.constdata)
    .conststring                             0x08003660   Section      175  simple_server.o(.conststring)
    .data                                    0x20000000   Section       20  main.o(.data)
    .data                                    0x20000014   Section        4  enc28j60.o(.data)
    Enc28j60Bank                             0x20000014   Data           1  enc28j60.o(.data)
    NextPacketPtr                            0x20000016   Data           2  enc28j60.o(.data)
    .data                                    0x20000018   Section       22  ip_arp_udp_tcp.o(.data)
    wwwport                                  0x20000018   Data           1  ip_arp_udp_tcp.o(.data)
    seqnum                                   0x20000019   Data           1  ip_arp_udp_tcp.o(.data)
    info_hdr_len                             0x2000001c   Data           4  ip_arp_udp_tcp.o(.data)
    info_data_len                            0x20000020   Data           4  ip_arp_udp_tcp.o(.data)
    ipaddr                                   0x20000024   Data           4  ip_arp_udp_tcp.o(.data)
    macaddr                                  0x20000028   Data           6  ip_arp_udp_tcp.o(.data)
    .data                                    0x20000030   Section       46  simple_server.o(.data)
    myudpport                                0x20000032   Data           2  simple_server.o(.data)
    password                                 0x20000038   Data           4  simple_server.o(.data)
    baseurl80                                0x20000048   Data          22  simple_server.o(.data)
    .data                                    0x2000005e   Section        1  uartdrv.o(.data)
    .data                                    0x2000005f   Section       20  stm32f10x_rcc.o(.data)
    ADCPrescTable                            0x2000005f   Data           4  stm32f10x_rcc.o(.data)
    APBAHBPrescTable                         0x20000063   Data          16  stm32f10x_rcc.o(.data)
    .data                                    0x20000074   Section        4  stdout.o(.data)
    .bss                                     0x20000078   Section    46164  main.o(.bss)
    .bss                                     0x2000b4cc   Section     1500  simple_server.o(.bss)
    buf                                      0x2000b4cc   Data        1500  simple_server.o(.bss)
    .bss                                     0x2000baa8   Section      256  log.o(.bss)
    STACK                                    0x2000bba8   Section     1024  startup_stm32f10x_hd.o(STACK)

    Global Symbols

    Symbol Name                              Value     Ov Type        Size  Object(Section)

    BuildAttributes$$THM_ISAv4$P$D$K$B$S$PE$A:L22UL41UL21$X:L11$S22US41US21$IEEE1$IW$USESV6$~STKCKD$USESV7$~SHL$OSPACE$ROPI$EBA8$MICROLIB$REQ8$PRES8$EABIv2 0x00000000   Number         0  anon$$obj.o ABSOLUTE
    __ARM_use_no_argv                        0x00000000   Number         0  main.o ABSOLUTE
    _printf_a                                0x00000000   Number         0  stubs.o ABSOLUTE
    _printf_c                                0x00000000   Number         0  stubs.o ABSOLUTE
    _printf_charcount                        0x00000000   Number         0  stubs.o ABSOLUTE
    _printf_d                                0x00000000   Number         0  stubs.o ABSOLUTE
    _printf_e                                0x00000000   Number         0  stubs.o ABSOLUTE
    _printf_f                                0x00000000   Number         0  stubs.o ABSOLUTE
    _printf_flags                            0x00000000   Number         0  stubs.o ABSOLUTE
    _printf_fp_dec                           0x00000000   Number         0  stubs.o ABSOLUTE
    _printf_fp_hex                           0x00000000   Number         0  stubs.o ABSOLUTE
    _printf_g                                0x00000000   Number         0  stubs.o ABSOLUTE
    _printf_i                                0x00000000   Number         0  stubs.o ABSOLUTE
    _printf_int_dec                          0x00000000   Number         0  stubs.o ABSOLUTE
    _printf_l                                0x00000000   Number         0  stubs.o ABSOLUTE
    _printf_lc                               0x00000000   Number         0  stubs.o ABSOLUTE
    _printf_ll                               0x00000000   Number         0  stubs.o ABSOLUTE
    _printf_lld                              0x00000000   Number         0  stubs.o ABSOLUTE
    _printf_lli                              0x00000000   Number         0  stubs.o ABSOLUTE
    _printf_llo                              0x00000000   Number         0  stubs.o ABSOLUTE
    _printf_llu                              0x00000000   Number         0  stubs.o ABSOLUTE
    _printf_llx                              0x00000000   Number         0  stubs.o ABSOLUTE
    _printf_longlong_dec                     0x00000000   Number         0  stubs.o ABSOLUTE
    _printf_longlong_hex                     0x00000000   Number         0  stubs.o ABSOLUTE
    _printf_longlong_oct                     0x00000000   Number         0  stubs.o ABSOLUTE
    _printf_ls                               0x00000000   Number         0  stubs.o ABSOLUTE
    _printf_mbtowc                           0x00000000   Number         0  stubs.o ABSOLUTE
    _printf_n                                0x00000000   Number         0  stubs.o ABSOLUTE
    _printf_o                                0x00000000   Number         0  stubs.o ABSOLUTE
    _printf_p                                0x00000000   Number         0  stubs.o ABSOLUTE
    _printf_percent                          0x00000000   Number         0  stubs.o ABSOLUTE
    _printf_pre_padding                      0x00000000   Number         0  stubs.o ABSOLUTE
    _printf_return_value                     0x00000000   Number         0  stubs.o ABSOLUTE
    _printf_s                                0x00000000   Number         0  stubs.o ABSOLUTE
    _printf_sizespec                         0x00000000   Number         0  stubs.o ABSOLUTE
    _printf_str                              0x00000000   Number         0  stubs.o ABSOLUTE
    _printf_truncate_signed                  0x00000000   Number         0  stubs.o ABSOLUTE
    _printf_truncate_unsigned                0x00000000   Number         0  stubs.o ABSOLUTE
    _printf_u                                0x00000000   Number         0  stubs.o ABSOLUTE
    _printf_wc                               0x00000000   Number         0  stubs.o ABSOLUTE
    _printf_wctomb                           0x00000000   Number         0  stubs.o ABSOLUTE
    _printf_widthprec                        0x00000000   Number         0  stubs.o ABSOLUTE
    _printf_x                                0x00000000   Number         0  stubs.o ABSOLUTE
    __cpp_initialize__aeabi_                  - Undefined Weak Reference
    __cxa_finalize                            - Undefined Weak Reference
    __decompress                              - Undefined Weak Reference
    _clock_init                               - Undefined Weak Reference
    _microlib_exit                            - Undefined Weak Reference
    __Vectors_Size                           0x00000130   Number         0  startup_stm32f10x_hd.o ABSOLUTE
    __Vectors                                0x08000000   Data           4  startup_stm32f10x_hd.o(RESET)
    __Vectors_End                            0x08000130   Data           0  startup_stm32f10x_hd.o(RESET)
    __main                                   0x08000131   Thumb Code     0  entry.o(.ARM.Collect$$$$00000000)
    _main_stk                                0x08000131   Thumb Code     0  entry2.o(.ARM.Collect$$$$00000001)
    _main_scatterload                        0x08000135   Thumb Code     0  entry5.o(.ARM.Collect$$$$00000004)
    __main_after_scatterload                 0x08000139   Thumb Code     0  entry5.o(.ARM.Collect$$$$00000004)
    _main_clock                              0x08000139   Thumb Code     0  entry7b.o(.ARM.Collect$$$$00000008)
    _main_cpp_init                           0x08000139   Thumb Code     0  entry8b.o(.ARM.Collect$$$$0000000A)
    _main_init                               0x08000139   Thumb Code     0  entry9a.o(.ARM.Collect$$$$0000000B)
    __rt_final_cpp                           0x08000141   Thumb Code     0  entry10a.o(.ARM.Collect$$$$0000000D)
    __rt_final_exit                          0x08000141   Thumb Code     0  entry11a.o(.ARM.Collect$$$$0000000F)
    Reset_Handler                            0x08000145   Thumb Code     8  startup_stm32f10x_hd.o(.text)
    ADC1_2_IRQHandler                        0x0800015f   Thumb Code     0  startup_stm32f10x_hd.o(.text)
    ADC3_IRQHandler                          0x0800015f   Thumb Code     0  startup_stm32f10x_hd.o(.text)
    CAN1_RX1_IRQHandler                      0x0800015f   Thumb Code     0  startup_stm32f10x_hd.o(.text)
    CAN1_SCE_IRQHandler                      0x0800015f   Thumb Code     0  startup_stm32f10x_hd.o(.text)
    DMA1_Channel1_IRQHandler                 0x0800015f   Thumb Code     0  startup_stm32f10x_hd.o(.text)
    DMA1_Channel3_IRQHandler                 0x0800015f   Thumb Code     0  startup_stm32f10x_hd.o(.text)
    DMA1_Channel4_IRQHandler                 0x0800015f   Thumb Code     0  startup_stm32f10x_hd.o(.text)
    DMA1_Channel5_IRQHandler                 0x0800015f   Thumb Code     0  startup_stm32f10x_hd.o(.text)
    DMA1_Channel6_IRQHandler                 0x0800015f   Thumb Code     0  startup_stm32f10x_hd.o(.text)
    DMA1_Channel7_IRQHandler                 0x0800015f   Thumb Code     0  startup_stm32f10x_hd.o(.text)
    DMA2_Channel1_IRQHandler                 0x0800015f   Thumb Code     0  startup_stm32f10x_hd.o(.text)
    DMA2_Channel2_IRQHandler                 0x0800015f   Thumb Code     0  startup_stm32f10x_hd.o(.text)
    DMA2_Channel3_IRQHandler                 0x0800015f   Thumb Code     0  startup_stm32f10x_hd.o(.text)
    EXTI0_IRQHandler                         0x0800015f   Thumb Code     0  startup_stm32f10x_hd.o(.text)
    EXTI15_10_IRQHandler                     0x0800015f   Thumb Code     0  startup_stm32f10x_hd.o(.text)
    EXTI1_IRQHandler                         0x0800015f   Thumb Code     0  startup_stm32f10x_hd.o(.text)
    EXTI2_IRQHandler                         0x0800015f   Thumb Code     0  startup_stm32f10x_hd.o(.text)
    EXTI3_IRQHandler                         0x0800015f   Thumb Code     0  startup_stm32f10x_hd.o(.text)
    EXTI4_IRQHandler                         0x0800015f   Thumb Code     0  startup_stm32f10x_hd.o(.text)
    EXTI9_5_IRQHandler                       0x0800015f   Thumb Code     0  startup_stm32f10x_hd.o(.text)
    FLASH_IRQHandler                         0x0800015f   Thumb Code     0  startup_stm32f10x_hd.o(.text)
    FSMC_IRQHandler                          0x0800015f   Thumb Code     0  startup_stm32f10x_hd.o(.text)
    I2C1_ER_IRQHandler                       0x0800015f   Thumb Code     0  startup_stm32f10x_hd.o(.text)
    I2C1_EV_IRQHandler                       0x0800015f   Thumb Code     0  startup_stm32f10x_hd.o(.text)
    I2C2_ER_IRQHandler                       0x0800015f   Thumb Code     0  startup_stm32f10x_hd.o(.text)
    I2C2_EV_IRQHandler                       0x0800015f   Thumb Code     0  startup_stm32f10x_hd.o(.text)
    PVD_IRQHandler                           0x0800015f   Thumb Code     0  startup_stm32f10x_hd.o(.text)
    RCC_IRQHandler                           0x0800015f   Thumb Code     0  startup_stm32f10x_hd.o(.text)
    RTCAlarm_IRQHandler                      0x0800015f   Thumb Code     0  startup_stm32f10x_hd.o(.text)
    RTC_IRQHandler                           0x0800015f   Thumb Code     0  startup_stm32f10x_hd.o(.text)
    SDIO_IRQHandler                          0x0800015f   Thumb Code     0  startup_stm32f10x_hd.o(.text)
    SPI1_IRQHandler                          0x0800015f   Thumb Code     0  startup_stm32f10x_hd.o(.text)
    SPI2_IRQHandler                          0x0800015f   Thumb Code     0  startup_stm32f10x_hd.o(.text)
    SPI3_IRQHandler                          0x0800015f   Thumb Code     0  startup_stm32f10x_hd.o(.text)
    TAMPER_IRQHandler                        0x0800015f   Thumb Code     0  startup_stm32f10x_hd.o(.text)
    TIM1_BRK_IRQHandler                      0x0800015f   Thumb Code     0  startup_stm32f10x_hd.o(.text)
    TIM1_CC_IRQHandler                       0x0800015f   Thumb Code     0  startup_stm32f10x_hd.o(.text)
    TIM1_TRG_COM_IRQHandler                  0x0800015f   Thumb Code     0  startup_stm32f10x_hd.o(.text)
    TIM1_UP_IRQHandler                       0x0800015f   Thumb Code     0  startup_stm32f10x_hd.o(.text)
    TIM2_IRQHandler                          0x0800015f   Thumb Code     0  startup_stm32f10x_hd.o(.text)
    TIM3_IRQHandler                          0x0800015f   Thumb Code     0  startup_stm32f10x_hd.o(.text)
    TIM4_IRQHandler                          0x0800015f   Thumb Code     0  startup_stm32f10x_hd.o(.text)
    TIM5_IRQHandler                          0x0800015f   Thumb Code     0  startup_stm32f10x_hd.o(.text)
    TIM6_IRQHandler                          0x0800015f   Thumb Code     0  startup_stm32f10x_hd.o(.text)
    TIM7_IRQHandler                          0x0800015f   Thumb Code     0  startup_stm32f10x_hd.o(.text)
    TIM8_BRK_IRQHandler                      0x0800015f   Thumb Code     0  startup_stm32f10x_hd.o(.text)
    TIM8_CC_IRQHandler                       0x0800015f   Thumb Code     0  startup_stm32f10x_hd.o(.text)
    TIM8_TRG_COM_IRQHandler                  0x0800015f   Thumb Code     0  startup_stm32f10x_hd.o(.text)
    TIM8_UP_IRQHandler                       0x0800015f   Thumb Code     0  startup_stm32f10x_hd.o(.text)
    UART4_IRQHandler                         0x0800015f   Thumb Code     0  startup_stm32f10x_hd.o(.text)
    UART5_IRQHandler                         0x0800015f   Thumb Code     0  startup_stm32f10x_hd.o(.text)
    USART1_IRQHandler                        0x0800015f   Thumb Code     0  startup_stm32f10x_hd.o(.text)
    USART2_IRQHandler                        0x0800015f   Thumb Code     0  startup_stm32f10x_hd.o(.text)
    USART3_IRQHandler                        0x0800015f   Thumb Code     0  startup_stm32f10x_hd.o(.text)
    USBWakeUp_IRQHandler                     0x0800015f   Thumb Code     0  startup_stm32f10x_hd.o(.text)
    USB_HP_CAN1_TX_IRQHandler                0x0800015f   Thumb Code     0  startup_stm32f10x_hd.o(.text)
    USB_LP_CAN1_RX0_IRQHandler               0x0800015f   Thumb Code     0  startup_stm32f10x_hd.o(.text)
    WWDG_IRQHandler                          0x0800015f   Thumb Code     0  startup_stm32f10x_hd.o(.text)
    __aeabi_memcpy                           0x08000169   Thumb Code    36  memcpya.o(.text)
    __aeabi_memcpy4                          0x08000169   Thumb Code     0  memcpya.o(.text)
    __aeabi_memcpy8                          0x08000169   Thumb Code     0  memcpya.o(.text)
    strlen                                   0x0800018d   Thumb Code    14  strlen.o(.text)
    strncmp                                  0x0800019b   Thumb Code    30  strncmp.o(.text)
    __aeabi_dmul                             0x080001b9   Thumb Code   228  dmul.o(.text)
    __aeabi_ddiv                             0x0800029d   Thumb Code   222  ddiv.o(.text)
    __aeabi_i2d                              0x0800037b   Thumb Code    34  dflti.o(.text)
    __aeabi_cdrcmple                         0x0800039d   Thumb Code    48  cdrcmple.o(.text)
    __aeabi_uidiv                            0x080003cd   Thumb Code     0  uidiv.o(.text)
    __aeabi_uidivmod                         0x080003cd   Thumb Code    44  uidiv.o(.text)
    __aeabi_uldivmod                         0x080003f9   Thumb Code    98  uldiv.o(.text)
    __I$use$fp                               0x0800045b   Thumb Code     0  iusefp.o(.text)
    _double_round                            0x0800045b   Thumb Code    30  depilogue.o(.text)
    _double_epilogue                         0x08000479   Thumb Code   156  depilogue.o(.text)
    __aeabi_dadd                             0x08000515   Thumb Code   322  dadd.o(.text)
    __aeabi_dsub                             0x08000657   Thumb Code     6  dadd.o(.text)
    __aeabi_drsub                            0x0800065d   Thumb Code     6  dadd.o(.text)
    __aeabi_d2ulz                            0x08000663   Thumb Code    48  dfixul.o(.text)
    __scatterload                            0x08000695   Thumb Code    28  init.o(.text)
    __scatterload_rt2                        0x08000695   Thumb Code     0  init.o(.text)
    __aeabi_llsl                             0x080006b9   Thumb Code    30  llshl.o(.text)
    _ll_shift_l                              0x080006b9   Thumb Code     0  llshl.o(.text)
    __aeabi_llsr                             0x080006d7   Thumb Code    32  llushr.o(.text)
    _ll_ushift_r                             0x080006d7   Thumb Code     0  llushr.o(.text)
    __aeabi_lasr                             0x080006f7   Thumb Code    36  llsshr.o(.text)
    _ll_sshift_r                             0x080006f7   Thumb Code     0  llsshr.o(.text)
    BusFault_Handler                         0x0800071b   Thumb Code     2  stm32f10x_it.o(i.BusFault_Handler)
    DAC_Cmd                                  0x0800071d   Thumb Code    20  stm32f10x_dac.o(i.DAC_Cmd)
    DAC_DMACmd                               0x08000735   Thumb Code    20  stm32f10x_dac.o(i.DAC_DMACmd)
    DAC_Init                                 0x0800074d   Thumb Code    36  stm32f10x_dac.o(i.DAC_Init)
    DMA1_Channel2_IRQHandler                 0x08000775   Thumb Code    24  uartdrv.o(i.DMA1_Channel2_IRQHandler)
    DMA2_Channel4_5_IRQHandler               0x08000795   Thumb Code    82  main.o(i.DMA2_Channel4_5_IRQHandler)
    DMA_ClearFlag                            0x080007fd   Thumb Code    16  stm32f10x_dma.o(i.DMA_ClearFlag)
    DMA_Cmd                                  0x08000815   Thumb Code    22  stm32f10x_dma.o(i.DMA_Cmd)
    DMA_DeInit                               0x0800082d   Thumb Code   218  stm32f10x_dma.o(i.DMA_DeInit)
    DMA_GetITStatus                          0x08000911   Thumb Code    24  stm32f10x_dma.o(i.DMA_GetITStatus)
    DMA_ITConfig                             0x08000931   Thumb Code    16  stm32f10x_dma.o(i.DMA_ITConfig)
    DMA_Init                                 0x08000941   Thumb Code    58  stm32f10x_dma.o(i.DMA_Init)
    DebugMon_Handler                         0x0800097b   Thumb Code     2  stm32f10x_it.o(i.DebugMon_Handler)
    GPIO_Configuration                       0x0800097d   Thumb Code    76  main.o(i.GPIO_Configuration)
    GPIO_Init                                0x080009d1   Thumb Code   162  stm32f10x_gpio.o(i.GPIO_Init)
    GPIO_PinRemapConfig                      0x08000a75   Thumb Code    82  stm32f10x_gpio.o(i.GPIO_PinRemapConfig)
    GPIO_ResetBits                           0x08000acd   Thumb Code     4  stm32f10x_gpio.o(i.GPIO_ResetBits)
    GPIO_SetBits                             0x08000ad1   Thumb Code     4  stm32f10x_gpio.o(i.GPIO_SetBits)
    HardFault_Handler                        0x08000ad5   Thumb Code     2  stm32f10x_it.o(i.HardFault_Handler)
    IWDG_Enable                              0x08000ad9   Thumb Code    10  stm32f10x_iwdg.o(i.IWDG_Enable)
    IWDG_ReloadCounter                       0x08000ae9   Thumb Code    10  stm32f10x_iwdg.o(i.IWDG_ReloadCounter)
    IWDG_SetPrescaler                        0x08000af9   Thumb Code     6  stm32f10x_iwdg.o(i.IWDG_SetPrescaler)
    IWDG_SetReload                           0x08000b05   Thumb Code     6  stm32f10x_iwdg.o(i.IWDG_SetReload)
    IWDG_WriteAccessCmd                      0x08000b11   Thumb Code     6  stm32f10x_iwdg.o(i.IWDG_WriteAccessCmd)
    InitServer                               0x08000b1d   Thumb Code    84  simple_server.o(i.InitServer)
    InitUart                                 0x08000b7d   Thumb Code   134  uartdrv.o(i.InitUart)
    Iwdg_Init                                0x08000c29   Thumb Code    64  main.o(i.Iwdg_Init)
    MemManage_Handler                        0x08000c85   Thumb Code     2  stm32f10x_it.o(i.MemManage_Handler)
    NMI_Handler                              0x08000c87   Thumb Code     2  stm32f10x_it.o(i.NMI_Handler)
    NVIC_Init                                0x08000c89   Thumb Code    94  misc.o(i.NVIC_Init)
    NVIC_PriorityGroupConfig                 0x08000ced   Thumb Code    10  misc.o(i.NVIC_PriorityGroupConfig)
    PendSV_Handler                           0x08000d01   Thumb Code     2  stm32f10x_it.o(i.PendSV_Handler)
    PrintDebugInfo                           0x08000d05   Thumb Code    54  log.o(i.PrintDebugInfo)
    PrintDeviceStatus                        0x08000d51   Thumb Code   110  simple_server.o(i.PrintDeviceStatus)
    RCC_AHBPeriphClockCmd                    0x08000e65   Thumb Code    18  stm32f10x_rcc.o(i.RCC_AHBPeriphClockCmd)
    RCC_APB1PeriphClockCmd                   0x08000e7d   Thumb Code    18  stm32f10x_rcc.o(i.RCC_APB1PeriphClockCmd)
    RCC_APB2PeriphClockCmd                   0x08000e95   Thumb Code    18  stm32f10x_rcc.o(i.RCC_APB2PeriphClockCmd)
    RCC_ClearFlag                            0x08000ead   Thumb Code    12  stm32f10x_rcc.o(i.RCC_ClearFlag)
    RCC_Configuration                        0x08000ebd   Thumb Code    40  main.o(i.RCC_Configuration)
    RCC_GetClocksFreq                        0x08000ee5   Thumb Code   128  stm32f10x_rcc.o(i.RCC_GetClocksFreq)
    RCC_GetFlagStatus                        0x08000f75   Thumb Code    44  stm32f10x_rcc.o(i.RCC_GetFlagStatus)
    RunNetSevice                             0x08000fa5   Thumb Code   664  simple_server.o(i.RunNetSevice)
    SPI1_Init                                0x080013a5   Thumb Code   204  spi.o(i.SPI1_Init)
    SPI1_ReadWrite                           0x08001499   Thumb Code    94  spi.o(i.SPI1_ReadWrite)
    SPI_Cmd                                  0x0800154d   Thumb Code    20  stm32f10x_spi.o(i.SPI_Cmd)
    SPI_I2S_GetFlagStatus                    0x08001561   Thumb Code    14  stm32f10x_spi.o(i.SPI_I2S_GetFlagStatus)
    SPI_I2S_ReceiveData                      0x0800156f   Thumb Code     4  stm32f10x_spi.o(i.SPI_I2S_ReceiveData)
    SPI_I2S_SendData                         0x08001573   Thumb Code     4  stm32f10x_spi.o(i.SPI_I2S_SendData)
    SPI_Init                                 0x08001577   Thumb Code    56  stm32f10x_spi.o(i.SPI_Init)
    SVC_Handler                              0x080015af   Thumb Code     2  stm32f10x_it.o(i.SVC_Handler)
    SendByte1                                0x080015b1   Thumb Code    30  uartdrv.o(i.SendByte1)
    SendString1                              0x080015d5   Thumb Code    20  uartdrv.o(i.SendString1)
    SysTick_Handler                          0x08001691   Thumb Code     2  stm32f10x_it.o(i.SysTick_Handler)
    SystemInit                               0x08001695   Thumb Code    64  system_stm32f10x.o(i.SystemInit)
    TIM_Cmd                                  0x080016e5   Thumb Code    20  stm32f10x_tim.o(i.TIM_Cmd)
    TIM_SelectOutputTrigger                  0x080016f9   Thumb Code    16  stm32f10x_tim.o(i.TIM_SelectOutputTrigger)
    TIM_TimeBaseInit                         0x08001709   Thumb Code   114  stm32f10x_tim.o(i.TIM_TimeBaseInit)
    TIM_TimeBaseStructInit                   0x080017a5   Thumb Code    18  stm32f10x_tim.o(i.TIM_TimeBaseStructInit)
    USART_ClearFlag                          0x080017b7   Thumb Code     6  stm32f10x_usart.o(i.USART_ClearFlag)
    USART_Cmd                                0x080017bd   Thumb Code    20  stm32f10x_usart.o(i.USART_Cmd)
    USART_GetFlagStatus                      0x080017d1   Thumb Code    14  stm32f10x_usart.o(i.USART_GetFlagStatus)
    USART_Init                               0x080017e1   Thumb Code   166  stm32f10x_usart.o(i.USART_Init)
    USART_SendData                           0x0800188d   Thumb Code     8  stm32f10x_usart.o(i.USART_SendData)
    UsageFault_Handler                       0x08001895   Thumb Code     2  stm32f10x_it.o(i.UsageFault_Handler)
    __0printf                                0x08001899   Thumb Code    22  printfa.o(i.__0printf)
    __1printf                                0x08001899   Thumb Code     0  printfa.o(i.__0printf)
    __2printf                                0x08001899   Thumb Code     0  printfa.o(i.__0printf)
    __c89printf                              0x08001899   Thumb Code     0  printfa.o(i.__0printf)
    printf                                   0x08001899   Thumb Code     0  printfa.o(i.__0printf)
    __0sprintf                               0x080018b9   Thumb Code    34  printfa.o(i.__0sprintf)
    __1sprintf                               0x080018b9   Thumb Code     0  printfa.o(i.__0sprintf)
    __2sprintf                               0x080018b9   Thumb Code     0  printfa.o(i.__0sprintf)
    __c89sprintf                             0x080018b9   Thumb Code     0  printfa.o(i.__0sprintf)
    sprintf                                  0x080018b9   Thumb Code     0  printfa.o(i.__0sprintf)
    __0vsprintf                              0x080018e1   Thumb Code    30  printfa.o(i.__0vsprintf)
    __1vsprintf                              0x080018e1   Thumb Code     0  printfa.o(i.__0vsprintf)
    __2vsprintf                              0x080018e1   Thumb Code     0  printfa.o(i.__0vsprintf)
    __c89vsprintf                            0x080018e1   Thumb Code     0  printfa.o(i.__0vsprintf)
    vsprintf                                 0x080018e1   Thumb Code     0  printfa.o(i.__0vsprintf)
    __scatterload_copy                       0x08001905   Thumb Code    14  handlers.o(i.__scatterload_copy)
    __scatterload_null                       0x08001913   Thumb Code     2  handlers.o(i.__scatterload_null)
    __scatterload_zeroinit                   0x08001915   Thumb Code    14  handlers.o(i.__scatterload_zeroinit)
    analyse_get_url                          0x080021c1   Thumb Code    62  simple_server.o(i.analyse_get_url)
    checksum                                 0x080021ff   Thumb Code    66  ip_arp_udp_tcp.o(i.checksum)
    enc28j60Init                             0x08002241   Thumb Code   754  enc28j60.o(i.enc28j60Init)
    enc28j60PacketReceive                    0x080026ad   Thumb Code   170  enc28j60.o(i.enc28j60PacketReceive)
    enc28j60PacketSend                       0x0800275d   Thumb Code   120  enc28j60.o(i.enc28j60PacketSend)
    enc28j60PhyWrite                         0x08002801   Thumb Code    40  enc28j60.o(i.enc28j60PhyWrite)
    enc28j60Read                             0x08002829   Thumb Code    20  enc28j60.o(i.enc28j60Read)
    enc28j60ReadBuffer                       0x0800283d   Thumb Code    64  enc28j60.o(i.enc28j60ReadBuffer)
    enc28j60ReadOp                           0x08002881   Thumb Code    66  enc28j60.o(i.enc28j60ReadOp)
    enc28j60SetBank                          0x080028c9   Thumb Code    42  enc28j60.o(i.enc28j60SetBank)
    enc28j60Write                            0x080028f9   Thumb Code    24  enc28j60.o(i.enc28j60Write)
    enc28j60WriteBuffer                      0x08002911   Thumb Code    54  enc28j60.o(i.enc28j60WriteBuffer)
    enc28j60WriteOp                          0x0800294d   Thumb Code    54  enc28j60.o(i.enc28j60WriteOp)
    enc28j60getrev                           0x08002989   Thumb Code     6  enc28j60.o(i.enc28j60getrev)
    eth_type_is_arp_and_my_ip                0x08002991   Thumb Code    54  ip_arp_udp_tcp.o(i.eth_type_is_arp_and_my_ip)
    eth_type_is_ip_and_my_ip                 0x080029cd   Thumb Code    60  ip_arp_udp_tcp.o(i.eth_type_is_ip_and_my_ip)
    fifo_init                                0x08002a0d   Thumb Code    24  arr_fifo.o(i.fifo_init)
    fifo_pop_multiple                        0x08002a25   Thumb Code    60  arr_fifo.o(i.fifo_pop_multiple)
    fifo_push_multiple                       0x08002a61   Thumb Code    62  arr_fifo.o(i.fifo_push_multiple)
    fill_ip_hdr_checksum                     0x08002a9f   Thumb Code    38  ip_arp_udp_tcp.o(i.fill_ip_hdr_checksum)
    fill_tcp_data                            0x08002ac5   Thumb Code    24  ip_arp_udp_tcp.o(i.fill_tcp_data)
    fill_tcp_data_p                          0x08002add   Thumb Code    26  ip_arp_udp_tcp.o(i.fill_tcp_data_p)
    fputc                                    0x08002af9   Thumb Code    30  main.o(i.fputc)
    get_tcp_data_pointer                     0x08002b1d   Thumb Code    16  ip_arp_udp_tcp.o(i.get_tcp_data_pointer)
    init_ip_arp_udp_tcp                      0x08002b31   Thumb Code    44  ip_arp_udp_tcp.o(i.init_ip_arp_udp_tcp)
    init_len_info                            0x08002b61   Thumb Code    24  ip_arp_udp_tcp.o(i.init_len_info)
    main                                     0x08002b7d   Thumb Code   512  main.o(i.main)
    make_arp_answer_from_request             0x08002de1   Thumb Code    78  ip_arp_udp_tcp.o(i.make_arp_answer_from_request)
    make_echo_reply_from_request             0x08002e35   Thumb Code    58  ip_arp_udp_tcp.o(i.make_echo_reply_from_request)
    make_eth                                 0x08002e71   Thumb Code    26  ip_arp_udp_tcp.o(i.make_eth)
    make_http_ack_with_data                  0x08002e91   Thumb Code    76  ip_arp_udp_tcp.o(i.make_http_ack_with_data)
    make_ip                                  0x08002edd   Thumb Code    30  ip_arp_udp_tcp.o(i.make_ip)
    make_tcp_ack_from_any                    0x08002f01   Thumb Code    84  ip_arp_udp_tcp.o(i.make_tcp_ack_from_any)
    make_tcp_synack_from_syn                 0x08002f59   Thumb Code    74  ip_arp_udp_tcp.o(i.make_tcp_synack_from_syn)
    make_tcphead                             0x08002fa5   Thumb Code   148  ip_arp_udp_tcp.o(i.make_tcphead)
    make_udp_reply_from_request              0x0800303d   Thumb Code   132  ip_arp_udp_tcp.o(i.make_udp_reply_from_request)
    putc                                     0x080030c1   Thumb Code     4  putc.o(i.putc)
    syslog                                   0x080030c5   Thumb Code    30  log.o(i.syslog)
    verify_password                          0x080030e9   Thumb Code    22  simple_server.o(i.verify_password)
    Sine12bit                                0x08003104   Data          64  main.o(.constdata)
    g_u32dac12bit_buf3                       0x08003144   Data        1280  main.o(.constdata)
    Region$$Table$$Base                      0x08003710   Number         0  anon$$obj.o(Region$$Table)
    Region$$Table$$Limit                     0x08003730   Number         0  anon$$obj.o(Region$$Table)
    Idx                                      0x20000000   Data           4  main.o(.data)
    buf_index                                0x20000004   Data           4  main.o(.data)
    buf_index_history                        0x20000008   Data           4  main.o(.data)
    fifo_time_out                            0x2000000c   Data           4  main.o(.data)
    g_rcv_time_out                           0x20000010   Data           4  main.o(.data)
    pkt_idx                                  0x20000030   Data           1  simple_server.o(.data)
    u8ip                                     0x20000034   Data           4  simple_server.o(.data)
    sdz                                      0x2000003c   Data           4  simple_server.o(.data)
    rcv_pkt_cnt                              0x20000040   Data           4  simple_server.o(.data)
    lost_pkt_cnt                             0x20000044   Data           4  simple_server.o(.data)
    g_flagUart3Sending                       0x2000005e   Data           1  uartdrv.o(.data)
    __stdout                                 0x20000074   Data           4  stdout.o(.data)
    DAC_InitStructure                        0x20000078   Data          16  main.o(.bss)
    DMA_InitStructure                        0x20000088   Data          44  main.o(.bss)
    TIM_TimeBaseStructure                    0x200000b4   Data          10  main.o(.bss)
    g_u32dac12bit_buf0                       0x200000c0   Data        1280  main.o(.bss)
    g_u32dac12bit_buf1                       0x200005c0   Data        1280  main.o(.bss)
    pcm_fifo                                 0x20000ac0   Data          12  main.o(.bss)
    g_u32dac12bit_buf                        0x20000acc   Data       43520  main.o(.bss)
    etxt                                     0x2000baa8   Data         256  log.o(.bss)
    __initial_sp                             0x2000bfa8   Data           0  startup_stm32f10x_hd.o(STACK)



==============================================================================

Memory Map of the image

  Image Entry point : 0x08000131

  Load Region LR_IROM1 (Base: 0x08000000, Size: 0x000037a8, Max: 0x00040000, ABSOLUTE)

    Execution Region ER_IROM1 (Base: 0x08000000, Size: 0x00003730, Max: 0x00040000, ABSOLUTE)

    Base Addr    Size         Type   Attr      Idx    E Section Name        Object

    0x08000000   0x00000130   Data   RO         4802    RESET               startup_stm32f10x_hd.o
    0x08000130   0x00000000   Code   RO         4807  * .ARM.Collect$$$$00000000  mc_w.l(entry.o)
    0x08000130   0x00000004   Code   RO         5094    .ARM.Collect$$$$00000001  mc_w.l(entry2.o)
    0x08000134   0x00000004   Code   RO         5097    .ARM.Collect$$$$00000004  mc_w.l(entry5.o)
    0x08000138   0x00000000   Code   RO         5099    .ARM.Collect$$$$00000008  mc_w.l(entry7b.o)
    0x08000138   0x00000000   Code   RO         5101    .ARM.Collect$$$$0000000A  mc_w.l(entry8b.o)
    0x08000138   0x00000008   Code   RO         5102    .ARM.Collect$$$$0000000B  mc_w.l(entry9a.o)
    0x08000140   0x00000000   Code   RO         5104    .ARM.Collect$$$$0000000D  mc_w.l(entry10a.o)
    0x08000140   0x00000000   Code   RO         5106    .ARM.Collect$$$$0000000F  mc_w.l(entry11a.o)
    0x08000140   0x00000004   Code   RO         5095    .ARM.Collect$$$$00002712  mc_w.l(entry2.o)
    0x08000144   0x00000024   Code   RO         4803    .text               startup_stm32f10x_hd.o
    0x08000168   0x00000024   Code   RO         4813    .text               mc_w.l(memcpya.o)
    0x0800018c   0x0000000e   Code   RO         4815    .text               mc_w.l(strlen.o)
    0x0800019a   0x0000001e   Code   RO         4817    .text               mc_w.l(strncmp.o)
    0x080001b8   0x000000e4   Code   RO         5082    .text               mf_w.l(dmul.o)
    0x0800029c   0x000000de   Code   RO         5084    .text               mf_w.l(ddiv.o)
    0x0800037a   0x00000022   Code   RO         5086    .text               mf_w.l(dflti.o)
    0x0800039c   0x00000030   Code   RO         5092    .text               mf_w.l(cdrcmple.o)
    0x080003cc   0x0000002c   Code   RO         5108    .text               mc_w.l(uidiv.o)
    0x080003f8   0x00000062   Code   RO         5110    .text               mc_w.l(uldiv.o)
    0x0800045a   0x00000000   Code   RO         5112    .text               mc_w.l(iusefp.o)
    0x0800045a   0x000000ba   Code   RO         5113    .text               mf_w.l(depilogue.o)
    0x08000514   0x0000014e   Code   RO         5115    .text               mf_w.l(dadd.o)
    0x08000662   0x00000030   Code   RO         5117    .text               mf_w.l(dfixul.o)
    0x08000692   0x00000002   PAD
    0x08000694   0x00000024   Code   RO         5119    .text               mc_w.l(init.o)
    0x080006b8   0x0000001e   Code   RO         5121    .text               mc_w.l(llshl.o)
    0x080006d6   0x00000020   Code   RO         5123    .text               mc_w.l(llushr.o)
    0x080006f6   0x00000024   Code   RO         5125    .text               mc_w.l(llsshr.o)
    0x0800071a   0x00000002   Code   RO            1    i.BusFault_Handler  stm32f10x_it.o
    0x0800071c   0x00000018   Code   RO         2781    i.DAC_Cmd           stm32f10x_dac.o
    0x08000734   0x00000018   Code   RO         2782    i.DAC_DMACmd        stm32f10x_dac.o
    0x0800074c   0x00000028   Code   RO         2786    i.DAC_Init          stm32f10x_dac.o
    0x08000774   0x00000020   Code   RO          718    i.DMA1_Channel2_IRQHandler  uartdrv.o
    0x08000794   0x00000068   Code   RO          152    i.DMA2_Channel4_5_IRQHandler  main.o
    0x080007fc   0x00000018   Code   RO         1903    i.DMA_ClearFlag     stm32f10x_dma.o
    0x08000814   0x00000016   Code   RO         1905    i.DMA_Cmd           stm32f10x_dma.o
    0x0800082a   0x00000002   PAD
    0x0800082c   0x000000e4   Code   RO         1906    i.DMA_DeInit        stm32f10x_dma.o
    0x08000910   0x00000020   Code   RO         1909    i.DMA_GetITStatus   stm32f10x_dma.o
    0x08000930   0x00000010   Code   RO         1910    i.DMA_ITConfig      stm32f10x_dma.o
    0x08000940   0x0000003a   Code   RO         1911    i.DMA_Init          stm32f10x_dma.o
    0x0800097a   0x00000002   Code   RO            2    i.DebugMon_Handler  stm32f10x_it.o
    0x0800097c   0x00000054   Code   RO          154    i.GPIO_Configuration  main.o
    0x080009d0   0x000000a2   Code   RO         1057    i.GPIO_Init         stm32f10x_gpio.o
    0x08000a72   0x00000002   PAD
    0x08000a74   0x00000058   Code   RO         1059    i.GPIO_PinRemapConfig  stm32f10x_gpio.o
    0x08000acc   0x00000004   Code   RO         1064    i.GPIO_ResetBits    stm32f10x_gpio.o
    0x08000ad0   0x00000004   Code   RO         1065    i.GPIO_SetBits      stm32f10x_gpio.o
    0x08000ad4   0x00000002   Code   RO            3    i.HardFault_Handler  stm32f10x_it.o
    0x08000ad6   0x00000002   PAD
    0x08000ad8   0x00000010   Code   RO         3061    i.IWDG_Enable       stm32f10x_iwdg.o
    0x08000ae8   0x00000010   Code   RO         3063    i.IWDG_ReloadCounter  stm32f10x_iwdg.o
    0x08000af8   0x0000000c   Code   RO         3064    i.IWDG_SetPrescaler  stm32f10x_iwdg.o
    0x08000b04   0x0000000c   Code   RO         3065    i.IWDG_SetReload    stm32f10x_iwdg.o
    0x08000b10   0x0000000c   Code   RO         3066    i.IWDG_WriteAccessCmd  stm32f10x_iwdg.o
    0x08000b1c   0x00000060   Code   RO          555    i.InitServer        simple_server.o
    0x08000b7c   0x000000ac   Code   RO          719    i.InitUart          uartdrv.o
    0x08000c28   0x0000005c   Code   RO          155    i.Iwdg_Init         main.o
    0x08000c84   0x00000002   Code   RO            4    i.MemManage_Handler  stm32f10x_it.o
    0x08000c86   0x00000002   Code   RO            5    i.NMI_Handler       stm32f10x_it.o
    0x08000c88   0x00000064   Code   RO         1168    i.NVIC_Init         misc.o
    0x08000cec   0x00000014   Code   RO         1169    i.NVIC_PriorityGroupConfig  misc.o
    0x08000d00   0x00000002   Code   RO            6    i.PendSV_Handler    stm32f10x_it.o
    0x08000d02   0x00000002   PAD
    0x08000d04   0x0000004c   Code   RO          659    i.PrintDebugInfo    log.o
    0x08000d50   0x00000114   Code   RO          556    i.PrintDeviceStatus  simple_server.o
    0x08000e64   0x00000018   Code   RO          849    i.RCC_AHBPeriphClockCmd  stm32f10x_rcc.o
    0x08000e7c   0x00000018   Code   RO          850    i.RCC_APB1PeriphClockCmd  stm32f10x_rcc.o
    0x08000e94   0x00000018   Code   RO          852    i.RCC_APB2PeriphClockCmd  stm32f10x_rcc.o
    0x08000eac   0x00000010   Code   RO          856    i.RCC_ClearFlag     stm32f10x_rcc.o
    0x08000ebc   0x00000028   Code   RO          156    i.RCC_Configuration  main.o
    0x08000ee4   0x00000090   Code   RO          860    i.RCC_GetClocksFreq  stm32f10x_rcc.o
    0x08000f74   0x00000030   Code   RO          861    i.RCC_GetFlagStatus  stm32f10x_rcc.o
    0x08000fa4   0x00000400   Code   RO          557    i.RunNetSevice      simple_server.o
    0x080013a4   0x000000f4   Code   RO          619    i.SPI1_Init         spi.o
    0x08001498   0x000000b4   Code   RO          620    i.SPI1_ReadWrite    spi.o
    0x0800154c   0x00000014   Code   RO         1269    i.SPI_Cmd           stm32f10x_spi.o
    0x08001560   0x0000000e   Code   RO         1277    i.SPI_I2S_GetFlagStatus  stm32f10x_spi.o
    0x0800156e   0x00000004   Code   RO         1280    i.SPI_I2S_ReceiveData  stm32f10x_spi.o
    0x08001572   0x00000004   Code   RO         1281    i.SPI_I2S_SendData  stm32f10x_spi.o
    0x08001576   0x00000038   Code   RO         1282    i.SPI_Init          stm32f10x_spi.o
    0x080015ae   0x00000002   Code   RO            7    i.SVC_Handler       stm32f10x_it.o
    0x080015b0   0x00000024   Code   RO          721    i.SendByte1         uartdrv.o
    0x080015d4   0x00000014   Code   RO          723    i.SendString1       uartdrv.o
    0x080015e8   0x000000a8   Code   RO         3853    i.SetSysClockTo72   system_stm32f10x.o
    0x08001690   0x00000002   Code   RO            8    i.SysTick_Handler   stm32f10x_it.o
    0x08001692   0x00000002   PAD
    0x08001694   0x00000050   Code   RO         3855    i.SystemInit        system_stm32f10x.o
    0x080016e4   0x00000014   Code   RO         3266    i.TIM_Cmd           stm32f10x_tim.o
    0x080016f8   0x00000010   Code   RO         3323    i.TIM_SelectOutputTrigger  stm32f10x_tim.o
    0x08001708   0x0000009c   Code   RO         3337    i.TIM_TimeBaseInit  stm32f10x_tim.o
    0x080017a4   0x00000012   Code   RO         3338    i.TIM_TimeBaseStructInit  stm32f10x_tim.o
    0x080017b6   0x00000006   Code   RO         1531    i.USART_ClearFlag   stm32f10x_usart.o
    0x080017bc   0x00000014   Code   RO         1535    i.USART_Cmd         stm32f10x_usart.o
    0x080017d0   0x0000000e   Code   RO         1538    i.USART_GetFlagStatus  stm32f10x_usart.o
    0x080017de   0x00000002   PAD
    0x080017e0   0x000000ac   Code   RO         1542    i.USART_Init        stm32f10x_usart.o
    0x0800188c   0x00000008   Code   RO         1552    i.USART_SendData    stm32f10x_usart.o
    0x08001894   0x00000002   Code   RO            9    i.UsageFault_Handler  stm32f10x_it.o
    0x08001896   0x00000002   PAD
    0x08001898   0x00000020   Code   RO         5054    i.__0printf         mc_w.l(printfa.o)
    0x080018b8   0x00000028   Code   RO         5056    i.__0sprintf        mc_w.l(printfa.o)
    0x080018e0   0x00000024   Code   RO         5060    i.__0vsprintf       mc_w.l(printfa.o)
    0x08001904   0x0000000e   Code   RO         5129    i.__scatterload_copy  mc_w.l(handlers.o)
    0x08001912   0x00000002   Code   RO         5130    i.__scatterload_null  mc_w.l(handlers.o)
    0x08001914   0x0000000e   Code   RO         5131    i.__scatterload_zeroinit  mc_w.l(handlers.o)
    0x08001922   0x00000002   PAD
    0x08001924   0x00000164   Code   RO         5061    i._fp_digits        mc_w.l(printfa.o)
    0x08001a88   0x000006dc   Code   RO         5062    i._printf_core      mc_w.l(printfa.o)
    0x08002164   0x00000024   Code   RO         5063    i._printf_post_padding  mc_w.l(printfa.o)
    0x08002188   0x0000002e   Code   RO         5064    i._printf_pre_padding  mc_w.l(printfa.o)
    0x080021b6   0x0000000a   Code   RO         5066    i._sputc            mc_w.l(printfa.o)
    0x080021c0   0x0000003e   Code   RO          558    i.analyse_get_url   simple_server.o
    0x080021fe   0x00000042   Code   RO          419    i.checksum          ip_arp_udp_tcp.o
    0x08002240   0x0000046c   Code   RO          256    i.enc28j60Init      enc28j60.o
    0x080026ac   0x000000b0   Code   RO          257    i.enc28j60PacketReceive  enc28j60.o
    0x0800275c   0x000000a4   Code   RO          258    i.enc28j60PacketSend  enc28j60.o
    0x08002800   0x00000028   Code   RO          259    i.enc28j60PhyWrite  enc28j60.o
    0x08002828   0x00000014   Code   RO          260    i.enc28j60Read      enc28j60.o
    0x0800283c   0x00000044   Code   RO          261    i.enc28j60ReadBuffer  enc28j60.o
    0x08002880   0x00000048   Code   RO          262    i.enc28j60ReadOp    enc28j60.o
    0x080028c8   0x00000030   Code   RO          263    i.enc28j60SetBank   enc28j60.o
    0x080028f8   0x00000018   Code   RO          264    i.enc28j60Write     enc28j60.o
    0x08002910   0x0000003c   Code   RO          265    i.enc28j60WriteBuffer  enc28j60.o
    0x0800294c   0x0000003c   Code   RO          266    i.enc28j60WriteOp   enc28j60.o
    0x08002988   0x00000006   Code   RO          268    i.enc28j60getrev    enc28j60.o
    0x0800298e   0x00000002   PAD
    0x08002990   0x0000003c   Code   RO          420    i.eth_type_is_arp_and_my_ip  ip_arp_udp_tcp.o
    0x080029cc   0x00000040   Code   RO          421    i.eth_type_is_ip_and_my_ip  ip_arp_udp_tcp.o
    0x08002a0c   0x00000018   Code   RO          780    i.fifo_init         arr_fifo.o
    0x08002a24   0x0000003c   Code   RO          784    i.fifo_pop_multiple  arr_fifo.o
    0x08002a60   0x0000003e   Code   RO          786    i.fifo_push_multiple  arr_fifo.o
    0x08002a9e   0x00000026   Code   RO          422    i.fill_ip_hdr_checksum  ip_arp_udp_tcp.o
    0x08002ac4   0x00000018   Code   RO          423    i.fill_tcp_data     ip_arp_udp_tcp.o
    0x08002adc   0x0000001a   Code   RO          425    i.fill_tcp_data_p   ip_arp_udp_tcp.o
    0x08002af6   0x00000002   PAD
    0x08002af8   0x00000024   Code   RO          157    i.fputc             main.o
    0x08002b1c   0x00000014   Code   RO          426    i.get_tcp_data_pointer  ip_arp_udp_tcp.o
    0x08002b30   0x00000030   Code   RO          427    i.init_ip_arp_udp_tcp  ip_arp_udp_tcp.o
    0x08002b60   0x0000001c   Code   RO          428    i.init_len_info     ip_arp_udp_tcp.o
    0x08002b7c   0x00000264   Code   RO          158    i.main              main.o
    0x08002de0   0x00000054   Code   RO          429    i.make_arp_answer_from_request  ip_arp_udp_tcp.o
    0x08002e34   0x0000003a   Code   RO          430    i.make_echo_reply_from_request  ip_arp_udp_tcp.o
    0x08002e6e   0x00000002   PAD
    0x08002e70   0x00000020   Code   RO          431    i.make_eth          ip_arp_udp_tcp.o
    0x08002e90   0x0000004c   Code   RO          432    i.make_http_ack_with_data  ip_arp_udp_tcp.o
    0x08002edc   0x00000024   Code   RO          433    i.make_ip           ip_arp_udp_tcp.o
    0x08002f00   0x00000058   Code   RO          434    i.make_tcp_ack_from_any  ip_arp_udp_tcp.o
    0x08002f58   0x0000004a   Code   RO          436    i.make_tcp_synack_from_syn  ip_arp_udp_tcp.o
    0x08002fa2   0x00000002   PAD
    0x08002fa4   0x00000098   Code   RO          437    i.make_tcphead      ip_arp_udp_tcp.o
    0x0800303c   0x00000084   Code   RO          438    i.make_udp_reply_from_request  ip_arp_udp_tcp.o
    0x080030c0   0x00000004   Code   RO         4810    i.putc              mc_w.l(putc.o)
    0x080030c4   0x00000024   Code   RO          660    i.syslog            log.o
    0x080030e8   0x0000001c   Code   RO          559    i.verify_password   simple_server.o
    0x08003104   0x00000540   Data   RO          160    .constdata          main.o
    0x08003644   0x00000012   Data   RO          561    .constdata          simple_server.o
    0x08003656   0x00000009   Data   RO          727    .constdata          uartdrv.o
    0x0800365f   0x00000001   PAD
    0x08003660   0x000000af   Data   RO          562    .conststring        simple_server.o
    0x0800370f   0x00000001   PAD
    0x08003710   0x00000020   Data   RO         5127    Region$$Table       anon$$obj.o


    Execution Region RW_IRAM1 (Base: 0x20000000, Size: 0x0000bfa8, Max: 0x0000c000, ABSOLUTE)

    Base Addr    Size         Type   Attr      Idx    E Section Name        Object

    0x20000000   0x00000014   Data   RW          161    .data               main.o
    0x20000014   0x00000004   Data   RW          269    .data               enc28j60.o
    0x20000018   0x00000016   Data   RW          439    .data               ip_arp_udp_tcp.o
    0x2000002e   0x00000002   PAD
    0x20000030   0x0000002e   Data   RW          563    .data               simple_server.o
    0x2000005e   0x00000001   Data   RW          732    .data               uartdrv.o
    0x2000005f   0x00000014   Data   RW          880    .data               stm32f10x_rcc.o
    0x20000073   0x00000001   PAD
    0x20000074   0x00000004   Data   RW         4812    .data               mc_w.l(stdout.o)
    0x20000078   0x0000b454   Zero   RW          159    .bss                main.o
    0x2000b4cc   0x000005dc   Zero   RW          560    .bss                simple_server.o
    0x2000baa8   0x00000100   Zero   RW          661    .bss                log.o
    0x2000bba8   0x00000400   Zero   RW         4800    STACK               startup_stm32f10x_hd.o


==============================================================================

Image component sizes


      Code (inc. data)   RO Data    RW Data    ZI Data      Debug   Object Name

       146          0          0          0          0       2189   arr_fifo.o
         0          0          0          0          0         32   core_cm3.o
      1870        456          0          4          0      16983   enc28j60.o
      1106         48          0         22          0      15407   ip_arp_udp_tcp.o
       112         28          0          0        256       3557   log.o
       968        164       1344         20      46164     227918   main.o
       120         16          0          0          0       3651   misc.o
      1486        544        193         46       1500       5382   simple_server.o
       424        126          0          0          0      16993   spi.o
        36          8        304          0       1024        952   startup_stm32f10x_hd.o
        88         12          0          0          0       7550   stm32f10x_dac.o
       380         26          0          0          0      15723   stm32f10x_dma.o
       258          6          0          0          0      12546   stm32f10x_gpio.o
        18          0          0          0          0      58674   stm32f10x_it.o
        68         30          0          0          0       2898   stm32f10x_iwdg.o
       280         42          0         20          0      15746   stm32f10x_rcc.o
        98          0          0          0          0       4238   stm32f10x_spi.o
       210         42          0          0          0      24723   stm32f10x_tim.o
       220          6          0          0          0      11178   stm32f10x_usart.o
       248         24          0          0          0       1681   system_stm32f10x.o
       260         52          9          1          0       3704   uartdrv.o

    ----------------------------------------------------------------------
      8418       1630       1884        116      48944     451725   Object Totals
         0          0         32          0          0          0   (incl. Generated)
        22          0          2          3          0          0   (incl. Padding)

    ----------------------------------------------------------------------

      Code (inc. data)   RO Data    RW Data    ZI Data      Debug   Library Member Name

         0          0          0          0          0          0   entry.o
         0          0          0          0          0          0   entry10a.o
         0          0          0          0          0          0   entry11a.o
         8          4          0          0          0          0   entry2.o
         4          0          0          0          0          0   entry5.o
         0          0          0          0          0          0   entry7b.o
         0          0          0          0          0          0   entry8b.o
         8          4          0          0          0          0   entry9a.o
        30          0          0          0          0          0   handlers.o
        36          8          0          0          0         68   init.o
         0          0          0          0          0          0   iusefp.o
        30          0          0          0          0         68   llshl.o
        36          0          0          0          0         68   llsshr.o
        32          0          0          0          0         68   llushr.o
        36          0          0          0          0         68   memcpya.o
      2312        102          0          0          0        676   printfa.o
         4          0          0          0          0         68   putc.o
         0          0          0          4          0          0   stdout.o
        14          0          0          0          0         68   strlen.o
        30          0          0          0          0         80   strncmp.o
        44          0          0          0          0         80   uidiv.o
        98          0          0          0          0         92   uldiv.o
        48          0          0          0          0         68   cdrcmple.o
       334          0          0          0          0        148   dadd.o
       222          0          0          0          0        100   ddiv.o
       186          0          0          0          0        176   depilogue.o
        48          0          0          0          0         68   dfixul.o
        34          0          0          0          0         76   dflti.o
       228          0          0          0          0         96   dmul.o

    ----------------------------------------------------------------------
      3826        118          0          4          0       2136   Library Totals
         4          0          0          0          0          0   (incl. Padding)

    ----------------------------------------------------------------------

      Code (inc. data)   RO Data    RW Data    ZI Data      Debug   Library Name

      2722        118          0          4          0       1404   mc_w.l
      1100          0          0          0          0        732   mf_w.l

    ----------------------------------------------------------------------
      3826        118          0          4          0       2136   Library Totals

    ----------------------------------------------------------------------

==============================================================================


      Code (inc. data)   RO Data    RW Data    ZI Data      Debug   

     12244       1748       1884        120      48944     447669   Grand Totals
     12244       1748       1884        120      48944     447669   ELF Image Totals
     12244       1748       1884        120          0          0   ROM Totals

==============================================================================

    Total RO  Size (Code + RO Data)                14128 (  13.80kB)
    Total RW  Size (RW Data + ZI Data)             49064 (  47.91kB)
    Total ROM Size (Code + RO Data + RW Data)      14248 (  13.91kB)

==============================================================================

